Archive member included because of file (symbol)

build/sky///contiki-ng-sky.a(sht11-sensor.o)
                              sensing.o (sht11_sensor)
build/sky///contiki-ng-sky.a(uart1-putchar.o)
                              build/sky///obj/contiki-main.o (putchar)
build/sky///contiki-ng-sky.a(platform.o)
                              build/sky///obj/contiki-main.o (platform_init_stage_one)
build/sky///contiki-ng-sky.a(msp430.o)
                              build/sky///contiki-ng-sky.a(platform.o) (msp430_dco_required)
build/sky///contiki-ng-sky.a(clock.o)
                              build/sky///obj/contiki-main.o (clock_init)
build/sky///contiki-ng-sky.a(leds.o)
                              build/sky///contiki-ng-sky.a(platform.o) (leds_init)
build/sky///contiki-ng-sky.a(leds-arch.o)
                              build/sky///contiki-ng-sky.a(leds.o) (leds_arch_init)
build/sky///contiki-ng-sky.a(watchdog.o)
                              build/sky///obj/contiki-main.o (watchdog_start)
build/sky///contiki-ng-sky.a(rtimer-arch.o)
                              build/sky///contiki-ng-sky.a(sht11-sensor.o) (rtimer_arch_now)
build/sky///contiki-ng-sky.a(autostart.o)
                              build/sky///obj/contiki-main.o (autostart_start)
build/sky///contiki-ng-sky.a(energest.o)
                              build/sky///obj/contiki-main.o (energest_init)
build/sky///contiki-ng-sky.a(etimer.o)
                              build/sky///contiki-ng-sky.a(clock.o) (etimer_request_poll)
build/sky///contiki-ng-sky.a(log.o)
                              build/sky///obj/contiki-main.o (log_6addr)
build/sky///contiki-ng-sky.a(ctimer.o)
                              build/sky///obj/contiki-main.o (ctimer_init)
build/sky///contiki-ng-sky.a(rtimer.o)
                              build/sky///obj/contiki-main.o (rtimer_init)
build/sky///contiki-ng-sky.a(node-id.o)
                              build/sky///obj/contiki-main.o (node_id_init)
build/sky///contiki-ng-sky.a(process.o)
                              build/sky///contiki-ng-sky.a(etimer.o) (process_current)
build/sky///contiki-ng-sky.a(timer.o)
                              build/sky///contiki-ng-sky.a(platform.o) (timer_set)
build/sky///contiki-ng-sky.a(list.o)
                              build/sky///contiki-ng-sky.a(ctimer.o) (list_init)
build/sky///contiki-ng-sky.a(random.o)
                              build/sky///contiki-ng-sky.a(platform.o) (random_init)
build/sky///contiki-ng-sky.a(queuebuf.o)
                              build/sky///obj/contiki-main.o (queuebuf_init)
build/sky///contiki-ng-sky.a(packetbuf.o)
                              build/sky///contiki-ng-sky.a(queuebuf.o) (packetbuf_copyto)
build/sky///contiki-ng-sky.a(netstack.o)
                              build/sky///obj/contiki-main.o (netstack_init)
build/sky///contiki-ng-sky.a(linkaddr.o)
                              build/sky///contiki-ng-sky.a(platform.o) (linkaddr_copy)
build/sky///contiki-ng-sky.a(csma.o)
                              build/sky///obj/contiki-main.o (csma_driver)
build/sky///contiki-ng-sky.a(csma-output.o)
                              build/sky///contiki-ng-sky.a(csma.o) (csma_output_packet)
build/sky///contiki-ng-sky.a(uip-ds6.o)
                              build/sky///obj/contiki-main.o (uip_ds6_get_link_local)
build/sky///contiki-ng-sky.a(uiplib.o)
                              build/sky///contiki-ng-sky.a(log.o) (uiplib_ipaddr_snprint)
build/sky///contiki-ng-sky.a(tcpip.o)
                              build/sky///obj/contiki-main.o (tcpip_process)
build/sky///contiki-ng-sky.a(uip-ds6-route.o)
                              build/sky///contiki-ng-sky.a(uip-ds6.o) (uip_ds6_route_init)
build/sky///contiki-ng-sky.a(uip-ds6-nbr.o)
                              build/sky///contiki-ng-sky.a(uip-ds6.o) (uip_ds6_neighbors_init)
build/sky///contiki-ng-sky.a(uip6.o)
                              build/sky///contiki-ng-sky.a(tcpip.o) (uip_aligned_buf)
build/sky///contiki-ng-sky.a(uip-nd6.o)
                              build/sky///contiki-ng-sky.a(uip6.o) (uip_nd6_init)
build/sky///contiki-ng-sky.a(sicslowpan.o)
                              build/sky///obj/contiki-main.o (sicslowpan_driver)
build/sky///contiki-ng-sky.a(rpl.o)
                              build/sky///obj/contiki-main.o (rpl_lite_driver)
build/sky///contiki-ng-sky.a(rpl-dag-root.o)
                              build/sky///contiki-ng-sky.a(rpl.o) (rpl_dag_root_set_prefix)
build/sky///contiki-ng-sky.a(contiki-sky-pla)
                              build/sky///contiki-ng-sky.a(platform.o) (init_platform)
build/sky///contiki-ng-sky.a(sht11.o)
                              build/sky///contiki-ng-sky.a(sht11-sensor.o) (sht11_init)
build/sky///contiki-ng-sky.a(button-sensor.o)
                              build/sky///contiki-ng-sky.a(contiki-sky-pla) (button_sensor)
build/sky///contiki-ng-sky.a(ds2411.o)
                              build/sky///contiki-ng-sky.a(platform.o) (ds2411_init)
[...]
Memory Configuration

Name             Origin             Length             Attributes
sfr              0x0000000000000000 0x0000000000000010
peripheral_8bit  0x0000000000000010 0x00000000000000f0
peripheral_16bit 0x0000000000000100 0x0000000000000100
ram_mirror       0x0000000000000200 0x0000000000000800 xw
infomem          0x0000000000001000 0x0000000000000100
infob            0x0000000000001000 0x0000000000000080
infoa            0x0000000000001080 0x0000000000000080
ram              0x0000000000001100 0x0000000000002800 xw
rom              0x0000000000004000 0x000000000000bfe0 xr
vectors          0x000000000000ffe0 0x0000000000000020
bsl              0x0000000000000000 0x0000000000000000
infoc            0x0000000000000000 0x0000000000000000
infod            0x0000000000000000 0x0000000000000000
ram2             0x0000000000000000 0x0000000000000000 xw
usbram           0x0000000000000000 0x0000000000000000 xw
far_rom          0x0000000000000000 0x0000000000000000
*default*        0x0000000000000000 0xffffffffffffffff

Linker script and memory map

LOAD /usr/lib/gcc/msp430/4.6.3/mmpy-16/crt0ivtbl16.o
                0x0000000000002c72                _stack = _end
LOAD sensing.o
LOAD build/sky///obj/contiki-main.o
LOAD build/sky///contiki-ng-sky.a
LOAD /usr/lib/gcc/msp430/4.6.3/mmpy-16/libgcc.a
LOAD /usr/lib/gcc/msp430/4.6.3/../../../../msp430/lib/mmpy-16/libc.a
LOAD /usr/lib/gcc/msp430/4.6.3/mmpy-16/libgcc.a
LOAD /usr/lib/gcc/msp430/4.6.3/mmpy-16/libcrt0.a
                0x0000000000000080                PROVIDE (__info_segment_size, 0x80)
                0x0000000000001000                PROVIDE (__infob, 0x1000)
                0x0000000000001080                PROVIDE (__infoa, 0x1080)
                0x0000000000000000                __IE1 = 0x0
                0x0000000000000002                __IFG1 = 0x2
                0x0000000000000004                __ME1 = 0x4
                0x0000000000000001                __IE2 = 0x1
                0x0000000000000003                __IFG2 = 0x3
                0x0000000000000005                __ME2 = 0x5
                0x0000000000000120                __WDTCTL = 0x120
                0x0000000000000130                __MPY = 0x130
                0x0000000000000132                __MPYS = 0x132
                0x0000000000000134                __MAC = 0x134
                0x0000000000000136                __MACS = 0x136
                0x0000000000000138                __OP2 = 0x138
                0x000000000000013a                __RESLO = 0x13a
                0x000000000000013c                __RESHI = 0x13c
                0x000000000000013e                __SUMEXT = 0x13e
                0x0000000000000020                __P1IN = 0x20
                0x0000000000000021                __P1OUT = 0x21
                0x0000000000000022                __P1DIR = 0x22
                0x0000000000000023                __P1IFG = 0x23
                0x0000000000000024                __P1IES = 0x24
                0x0000000000000025                __P1IE = 0x25
                0x0000000000000026                __P1SEL = 0x26
                0x0000000000000028                __P2IN = 0x28
                0x0000000000000029                __P2OUT = 0x29
                0x000000000000002a                __P2DIR = 0x2a
                0x000000000000002b                __P2IFG = 0x2b
                0x000000000000002c                __P2IES = 0x2c
                0x000000000000002d                __P2IE = 0x2d
                0x000000000000002e                __P2SEL = 0x2e
                0x0000000000000018                __P3IN = 0x18
                0x0000000000000019                __P3OUT = 0x19
                0x000000000000001a                __P3DIR = 0x1a
                0x000000000000001b                __P3SEL = 0x1b
                0x000000000000001c                __P4IN = 0x1c
                0x000000000000001d                __P4OUT = 0x1d
                0x000000000000001e                __P4DIR = 0x1e
                0x000000000000001f                __P4SEL = 0x1f
                0x0000000000000030                __P5IN = 0x30
                0x0000000000000031                __P5OUT = 0x31
                0x0000000000000032                __P5DIR = 0x32
                0x0000000000000033                __P5SEL = 0x33
                0x0000000000000034                __P6IN = 0x34
                0x0000000000000035                __P6OUT = 0x35
                0x0000000000000036                __P6DIR = 0x36
                0x0000000000000037                __P6SEL = 0x37
                0x0000000000000070                __U0CTL = 0x70
                0x0000000000000071                __U0TCTL = 0x71
                0x0000000000000072                __U0RCTL = 0x72
                0x0000000000000073                __U0MCTL = 0x73
                0x0000000000000074                __U0BR0 = 0x74
                0x0000000000000075                __U0BR1 = 0x75
                0x0000000000000076                __U0RXBUF = 0x76
                0x0000000000000077                __U0TXBUF = 0x77
                0x0000000000000078                __U1CTL = 0x78
                0x0000000000000079                __U1TCTL = 0x79
                0x000000000000007a                __U1RCTL = 0x7a
                0x000000000000007b                __U1MCTL = 0x7b
                0x000000000000007c                __U1BR0 = 0x7c
                0x000000000000007d                __U1BR1 = 0x7d
                0x000000000000007e                __U1RXBUF = 0x7e
                0x000000000000007f                __U1TXBUF = 0x7f
                0x0000000000000050                __I2CIE = 0x50
                0x0000000000000051                __I2CIFG = 0x51
                0x0000000000000052                __I2CNDAT = 0x52
                0x0000000000000071                __I2CTCTL = 0x71
                0x0000000000000072                __I2CDCTL = 0x72
                0x0000000000000073                __I2CPSC = 0x73
                0x0000000000000074                __I2CSCLH = 0x74
                0x0000000000000075                __I2CSCLL = 0x75
                0x0000000000000076                __I2CDRB = 0x76
                0x0000000000000076                __I2CDRW = 0x76
                0x0000000000000118                __I2COA = 0x118
                0x000000000000011a                __I2CSA = 0x11a
                0x000000000000011c                __I2CIV = 0x11c
                0x000000000000012e                __TAIV = 0x12e
                0x0000000000000160                __TACTL = 0x160
                0x0000000000000162                __TACCTL0 = 0x162
                0x0000000000000164                __TACCTL1 = 0x164
                0x0000000000000166                __TACCTL2 = 0x166
                0x0000000000000170                __TAR = 0x170
                0x0000000000000172                __TACCR0 = 0x172
                0x0000000000000174                __TACCR1 = 0x174
                0x0000000000000176                __TACCR2 = 0x176
                0x000000000000011e                __TBIV = 0x11e
                0x0000000000000180                __TBCTL = 0x180
                0x0000000000000182                __TBCCTL0 = 0x182
                0x0000000000000184                __TBCCTL1 = 0x184
                0x0000000000000186                __TBCCTL2 = 0x186
                0x0000000000000188                __TBCCTL3 = 0x188
                0x000000000000018a                __TBCCTL4 = 0x18a
                0x000000000000018c                __TBCCTL5 = 0x18c
                0x000000000000018e                __TBCCTL6 = 0x18e
                0x0000000000000190                __TBR = 0x190
                0x0000000000000192                __TBCCR0 = 0x192
                0x0000000000000194                __TBCCR1 = 0x194
                0x0000000000000196                __TBCCR2 = 0x196
                0x0000000000000198                __TBCCR3 = 0x198
                0x000000000000019a                __TBCCR4 = 0x19a
                0x000000000000019c                __TBCCR5 = 0x19c
                0x000000000000019e                __TBCCR6 = 0x19e
                0x0000000000000056                __DCOCTL = 0x56
                0x0000000000000057                __BCSCTL1 = 0x57
                0x0000000000000058                __BCSCTL2 = 0x58
                0x0000000000000055                __SVSCTL = 0x55
                0x0000000000000128                __FCTL1 = 0x128
                0x000000000000012a                __FCTL2 = 0x12a
                0x000000000000012c                __FCTL3 = 0x12c
                0x0000000000000059                __CACTL1 = 0x59
                0x000000000000005a                __CACTL2 = 0x5a
                0x000000000000005b                __CAPD = 0x5b
                0x00000000000001a0                __ADC12CTL0 = 0x1a0
                0x00000000000001a2                __ADC12CTL1 = 0x1a2
                0x00000000000001a4                __ADC12IFG = 0x1a4
                0x00000000000001a6                __ADC12IE = 0x1a6
                0x00000000000001a8                __ADC12IV = 0x1a8
                0x0000000000000140                __ADC12MEM0 = 0x140
                0x0000000000000142                __ADC12MEM1 = 0x142
                0x0000000000000144                __ADC12MEM2 = 0x144
                0x0000000000000146                __ADC12MEM3 = 0x146
                0x0000000000000148                __ADC12MEM4 = 0x148
                0x000000000000014a                __ADC12MEM5 = 0x14a
                0x000000000000014c                __ADC12MEM6 = 0x14c
                0x000000000000014e                __ADC12MEM7 = 0x14e
                0x0000000000000150                __ADC12MEM8 = 0x150
                0x0000000000000152                __ADC12MEM9 = 0x152
                0x0000000000000154                __ADC12MEM10 = 0x154
                0x0000000000000156                __ADC12MEM11 = 0x156
                0x0000000000000158                __ADC12MEM12 = 0x158
                0x000000000000015a                __ADC12MEM13 = 0x15a
                0x000000000000015c                __ADC12MEM14 = 0x15c
                0x000000000000015e                __ADC12MEM15 = 0x15e
                0x0000000000000080                __ADC12MCTL0 = 0x80
                0x0000000000000081                __ADC12MCTL1 = 0x81
                0x0000000000000082                __ADC12MCTL2 = 0x82
                0x0000000000000083                __ADC12MCTL3 = 0x83
                0x0000000000000084                __ADC12MCTL4 = 0x84
                0x0000000000000085                __ADC12MCTL5 = 0x85
                0x0000000000000086                __ADC12MCTL6 = 0x86
                0x0000000000000087                __ADC12MCTL7 = 0x87
                0x0000000000000088                __ADC12MCTL8 = 0x88
                0x0000000000000089                __ADC12MCTL9 = 0x89
                0x000000000000008a                __ADC12MCTL10 = 0x8a
                0x000000000000008b                __ADC12MCTL11 = 0x8b
                0x000000000000008c                __ADC12MCTL12 = 0x8c
                0x000000000000008d                __ADC12MCTL13 = 0x8d
                0x000000000000008e                __ADC12MCTL14 = 0x8e
                0x000000000000008f                __ADC12MCTL15 = 0x8f
                0x00000000000001c0                __DAC12_0CTL = 0x1c0
                0x00000000000001c2                __DAC12_1CTL = 0x1c2
                0x00000000000001c8                __DAC12_0DAT = 0x1c8
                0x00000000000001ca                __DAC12_1DAT = 0x1ca
                0x0000000000000122                __DMACTL0 = 0x122
                0x0000000000000124                __DMACTL1 = 0x124
                0x00000000000001e0                __DMA0CTL = 0x1e0
                0x00000000000001e8                __DMA1CTL = 0x1e8
                0x00000000000001f0                __DMA2CTL = 0x1f0
                0x00000000000001e2                __DMA0SA = 0x1e2
                0x00000000000001e4                __DMA0DA = 0x1e4
                0x00000000000001e6                __DMA0SZ = 0x1e6
                0x00000000000001ea                __DMA1SA = 0x1ea
                0x00000000000001ec                __DMA1DA = 0x1ec
                0x00000000000001ee                __DMA1SZ = 0x1ee
                0x00000000000001f2                __DMA2SA = 0x1f2
                0x00000000000001f4                __DMA2DA = 0x1f4
                0x00000000000001f6                __DMA2SZ = 0x1f6

.hash
 *(.hash)

.dynsym
 *(.dynsym)

.dynstr
 *(.dynstr)

.gnu.version
 *(.gnu.version)

.gnu.version_d
 *(.gnu.version_d)

.gnu.version_r
 *(.gnu.version_r)

.rel.init
 *(.rel.init)

.rela.init
 *(.rela.init)

.rel.fini
 *(.rel.fini)

.rela.fini
 *(.rela.fini)

.rel.text
 *(.rel.text .rel.text.* .rel.gnu.linkonce.t.*)

.rela.text
 *(.rela.text .rela.text.* .rela.gnu.linkonce.t.*)

.rel.rodata
 *(.rel.rodata .rel.rodata.* .rel.gnu.linkonce.r.*)

.rela.rodata
 *(.rela.rodata .rela.rodata.* .rela.gnu.linkonce.r.*)

.rel.data
 *(.rel.data .rel.data.* .rel.gnu.linkonce.d.*)

.rela.data
 *(.rela.data .rela.data.* .rela.gnu.linkonce.d.*)

.rel.bss
 *(.rel.bss .rel.bss.* .rel.gnu.linkonce.b.*)

.rela.bss
 *(.rela.bss .rela.bss.* .rela.gnu.linkonce.b.*)

.rel.ctors
 *(.rel.ctors)

.rela.ctors
 *(.rela.ctors)

.rel.dtors
 *(.rel.dtors)

.rela.dtors
 *(.rela.dtors)

.rel.got
 *(.rel.got)

.rela.got
 *(.rela.got)

.rel.plt
 *(.rel.plt)

.rela.plt
 *(.rela.plt)

.text           0x0000000000004000     0xb23c
                0x0000000000004000                . = ALIGN (0x2)
 *(.init .init.*)
 *(.init0)
 .init0         0x0000000000004000        0x0 /usr/lib/gcc/msp430/4.6.3/mmpy-16/libcrt0.a(_reset_vector__.o)
                0x0000000000004000                _reset_vector__
 *(.init1)
 .init1         0x0000000000004000        0xc /usr/lib/gcc/msp430/4.6.3/mmpy-16/libcrt0.a(__watchdog_support.o)
                0x0000000000004000                __watchdog_support
 *(.init2)
 .init2         0x000000000000400c        0x4 /usr/lib/gcc/msp430/4.6.3/mmpy-16/libcrt0.a(__init_stack.o)
                0x000000000000400c                __init_stack
 *(.init3)
 .init3         0x0000000000004010        0x0 /usr/lib/gcc/msp430/4.6.3/mmpy-16/libcrt0.a(__low_level_init.o)
                0x0000000000004010                __low_level_init
 *(.init4)
 .init4         0x0000000000004010       0x18 /usr/lib/gcc/msp430/4.6.3/mmpy-16/libcrt0.a(_copy_data.o)
                0x0000000000004010                __do_copy_data
 .init4         0x0000000000004028       0x16 /usr/lib/gcc/msp430/4.6.3/mmpy-16/libcrt0.a(_clear_bss.o)
                0x0000000000004028                __do_clear_bss
 *(.init5)
 *(.init6)
 *(.init7)
 *(.init8)
 *(.init9)
 .init9         0x000000000000403e      0x22e build/sky///obj/contiki-main.o
                0x000000000000403e                main
 *(.fini9)
 .fini9         0x000000000000426c        0x0 /usr/lib/gcc/msp430/4.6.3/mmpy-16/libcrt0.a(__stop_progExec__.o)
                0x000000000000426c                __stop_progExec__
 *(.fini8)
 *(.fini7)
 *(.fini6)
 *(.fini5)
 *(.fini4)
 *(.fini3)
 *(.fini2)
 *(.fini1)
 *(.fini0)
 .fini0         0x000000000000426c        0x6 /usr/lib/gcc/msp430/4.6.3/mmpy-16/libcrt0.a(_endless_loop__.o)
                0x000000000000426c                _endless_loop__
 *(.fini .fini.*)
                0x0000000000004272                . = ALIGN (0x2)
                0x0000000000004272                __ctors_start = .
 *(.ctors)
                0x0000000000004272                __ctors_end = .
                0x0000000000004272                __dtors_start = .
 *(.dtors)
                0x0000000000004272                __dtors_end = .
                0x0000000000004272                . = ALIGN (0x2)
 *(.text .text.* .gnu.linkonce.t.*)
 .text          0x0000000000004272        0x4 /usr/lib/gcc/msp430/4.6.3/mmpy-16/crt0ivtbl16.o
                0x0000000000004272                __isr_14
                0x0000000000004272                __isr_11
                0x0000000000004272                __isr_2
                0x0000000000004272                __isr_7
                0x0000000000004272                __isr_0
                0x0000000000004272                __isr_8
                0x0000000000004272                __isr_3
                0x0000000000004272                __isr_12
                0x0000000000004272                __isr_13
                0x0000000000004272                __isr_9
 .text.process_thread_sensing_process
                0x0000000000004276      0x1d4 sensing.o
 .text.status   0x000000000000444a       0x18 build/sky///contiki-ng-sky.a(sht11-sensor.o)
 .text.configure
                0x0000000000004462       0x40 build/sky///contiki-ng-sky.a(sht11-sensor.o)
 .text.value    0x00000000000044a2       0x2e build/sky///contiki-ng-sky.a(sht11-sensor.o)
 .text.putchar  0x00000000000044d0       0x10 build/sky///contiki-ng-sky.a(uart1-putchar.o)
                0x00000000000044d0                putchar
 .text.platform_init_stage_one
                0x00000000000044e0       0x12 build/sky///contiki-ng-sky.a(platform.o)
                0x00000000000044e0                platform_init_stage_one
 .text.platform_init_stage_two
                0x00000000000044f2       0x66 build/sky///contiki-ng-sky.a(platform.o)
                0x00000000000044f2                platform_init_stage_two
 .text.platform_init_stage_three
                0x0000000000004558       0x7a build/sky///contiki-ng-sky.a(platform.o)
                0x0000000000004558                platform_init_stage_three
 .text.platform_idle
                0x00000000000045d2       0x54 build/sky///contiki-ng-sky.a(platform.o)
                0x00000000000045d2                platform_idle
 .text.msp430_init_dco
                0x0000000000004626       0x84 build/sky///contiki-ng-sky.a(msp430.o)
                0x0000000000004626                msp430_init_dco
 .text.msp430_add_lpm_req
                0x00000000000046aa        0xc build/sky///contiki-ng-sky.a(msp430.o)
                0x00000000000046aa                msp430_add_lpm_req
 .text.msp430_cpu_init
                0x00000000000046b6       0x2a build/sky///contiki-ng-sky.a(msp430.o)
                0x00000000000046b6                msp430_cpu_init
 .text.splhigh_
                0x00000000000046e0        0x8 build/sky///contiki-ng-sky.a(msp430.o)
                0x00000000000046e0                splhigh_
 .text.msp430_sync_dco
                0x00000000000046e8       0x68 build/sky///contiki-ng-sky.a(msp430.o)
                0x00000000000046e8                msp430_sync_dco
 .text.timera1  0x0000000000004750       0xdc build/sky///contiki-ng-sky.a(clock.o)
                0x0000000000004750                __isr_5
                0x0000000000004750                timera1
 .text.clock_time
                0x000000000000482c       0x1a build/sky///contiki-ng-sky.a(clock.o)
                0x000000000000482c                clock_time
 .text.clock_init
                0x0000000000004846       0x28 build/sky///contiki-ng-sky.a(clock.o)
                0x0000000000004846                clock_init
 .text.clock_delay
                0x000000000000486e        0xc build/sky///contiki-ng-sky.a(clock.o)
                0x000000000000486e                clock_delay
 .text.clock_wait
                0x000000000000487a       0x34 build/sky///contiki-ng-sky.a(clock.o)
                0x000000000000487a                clock_wait
 .text.clock_seconds
                0x00000000000048ae       0x1a build/sky///contiki-ng-sky.a(clock.o)
                0x00000000000048ae                clock_seconds
 .text.leds_init
                0x00000000000048c8        0x6 build/sky///contiki-ng-sky.a(leds.o)
                0x00000000000048c8                leds_init
 .text.leds_on  0x00000000000048ce       0x12 build/sky///contiki-ng-sky.a(leds.o)
                0x00000000000048ce                leds_on
 .text.leds_off
                0x00000000000048e0       0x12 build/sky///contiki-ng-sky.a(leds.o)
                0x00000000000048e0                leds_off
 .text.leds_arch_init
                0x00000000000048f2        0xe build/sky///contiki-ng-sky.a(leds-arch.o)
                0x00000000000048f2                leds_arch_init
 .text.leds_arch_get
                0x0000000000004900       0x36 build/sky///contiki-ng-sky.a(leds-arch.o)
                0x0000000000004900                leds_arch_get
 .text.leds_arch_set
                0x0000000000004936       0x40 build/sky///contiki-ng-sky.a(leds-arch.o)
                0x0000000000004936                leds_arch_set
 .text.watchdog_interrupt
                0x0000000000004976        0x6 build/sky///contiki-ng-sky.a(watchdog.o)
                0x0000000000004976                __isr_10
                0x0000000000004976                watchdog_interrupt
 .text.watchdog_start
                0x000000000000497c       0x14 build/sky///contiki-ng-sky.a(watchdog.o)
                0x000000000000497c                watchdog_start
 .text.watchdog_periodic
                0x0000000000004990       0x12 build/sky///contiki-ng-sky.a(watchdog.o)
                0x0000000000004990                watchdog_periodic
 .text.watchdog_stop
                0x00000000000049a2       0x16 build/sky///contiki-ng-sky.a(watchdog.o)
                0x00000000000049a2                watchdog_stop
 .text.watchdog_init
                0x00000000000049b8       0x14 build/sky///contiki-ng-sky.a(watchdog.o)
                0x00000000000049b8                watchdog_init
 .text.timera0  0x00000000000049cc       0x2e build/sky///contiki-ng-sky.a(rtimer-arch.o)
                0x00000000000049cc                __isr_6
                0x00000000000049cc                timera0
 .text.rtimer_arch_init
                0x00000000000049fa        0xe build/sky///contiki-ng-sky.a(rtimer-arch.o)
                0x00000000000049fa                rtimer_arch_init
 .text.rtimer_arch_now
                0x0000000000004a08        0xe build/sky///contiki-ng-sky.a(rtimer-arch.o)
                0x0000000000004a08                rtimer_arch_now
 .text.rtimer_arch_schedule
                0x0000000000004a16        0x6 build/sky///contiki-ng-sky.a(rtimer-arch.o)
                0x0000000000004a16                rtimer_arch_schedule
 .text.autostart_start
                0x0000000000004a1c       0x16 build/sky///contiki-ng-sky.a(autostart.o)
                0x0000000000004a1c                autostart_start
 .text.energest_init
                0x0000000000004a32        0x2 build/sky///contiki-ng-sky.a(energest.o)
                0x0000000000004a32                energest_init
 .text.energest_flush
                0x0000000000004a34        0x2 build/sky///contiki-ng-sky.a(energest.o)
                0x0000000000004a34                energest_flush
 .text.update_time
                0x0000000000004a36       0x78 build/sky///contiki-ng-sky.a(etimer.o)
 .text.etimer_request_poll
                0x0000000000004aae        0xa build/sky///contiki-ng-sky.a(etimer.o)
                0x0000000000004aae                etimer_request_poll
 .text.process_thread_etimer_process
                0x0000000000004ab8       0xc8 build/sky///contiki-ng-sky.a(etimer.o)
 .text.add_timer
                0x0000000000004b80       0x40 build/sky///contiki-ng-sky.a(etimer.o)
 .text.etimer_set
                0x0000000000004bc0       0x12 build/sky///contiki-ng-sky.a(etimer.o)
                0x0000000000004bc0                etimer_set
 .text.etimer_reset
                0x0000000000004bd2       0x12 build/sky///contiki-ng-sky.a(etimer.o)
                0x0000000000004bd2                etimer_reset
 .text.etimer_expired
                0x0000000000004be4        0xe build/sky///contiki-ng-sky.a(etimer.o)
                0x0000000000004be4                etimer_expired
 .text.etimer_pending
                0x0000000000004bf2        0xc build/sky///contiki-ng-sky.a(etimer.o)
                0x0000000000004bf2                etimer_pending
 .text.etimer_next_expiration_time
                0x0000000000004bfe       0x16 build/sky///contiki-ng-sky.a(etimer.o)
                0x0000000000004bfe                etimer_next_expiration_time
 .text.etimer_stop
                0x0000000000004c14       0x3c build/sky///contiki-ng-sky.a(etimer.o)
                0x0000000000004c14                etimer_stop
 .text.log_6addr
                0x0000000000004c50       0x32 build/sky///contiki-ng-sky.a(log.o)
                0x0000000000004c50                log_6addr
 .text.log_lladdr
                0x0000000000004c82       0x44 build/sky///contiki-ng-sky.a(log.o)
                0x0000000000004c82                log_lladdr
 .text.process_thread_ctimer_process
                0x0000000000004cc6       0xa4 build/sky///contiki-ng-sky.a(ctimer.o)
 .text.ctimer_init
                0x0000000000004d6a       0x18 build/sky///contiki-ng-sky.a(ctimer.o)
                0x0000000000004d6a                ctimer_init
 .text.ctimer_set_with_process
                0x0000000000004d82       0x4e build/sky///contiki-ng-sky.a(ctimer.o)
                0x0000000000004d82                ctimer_set_with_process
 .text.ctimer_set
                0x0000000000004dd0       0x10 build/sky///contiki-ng-sky.a(ctimer.o)
                0x0000000000004dd0                ctimer_set
 .text.ctimer_reset
                0x0000000000004de0       0x30 build/sky///contiki-ng-sky.a(ctimer.o)
                0x0000000000004de0                ctimer_reset
 .text.ctimer_stop
                0x0000000000004e10       0x28 build/sky///contiki-ng-sky.a(ctimer.o)
                0x0000000000004e10                ctimer_stop
 .text.ctimer_expired
                0x0000000000004e38       0x32 build/sky///contiki-ng-sky.a(ctimer.o)
                0x0000000000004e38                ctimer_expired
 .text.rtimer_init
                0x0000000000004e6a        0x6 build/sky///contiki-ng-sky.a(rtimer.o)
                0x0000000000004e6a                rtimer_init
 .text.rtimer_run_next
                0x0000000000004e70       0x26 build/sky///contiki-ng-sky.a(rtimer.o)
                0x0000000000004e70                rtimer_run_next
 .text.node_id_init
                0x0000000000004e96       0x14 build/sky///contiki-ng-sky.a(node-id.o)
                0x0000000000004e96                node_id_init
 .text.call_process
                0x0000000000004eaa       0x4a build/sky///contiki-ng-sky.a(process.o)
 .text.exit_process
                0x0000000000004ef4       0x96 build/sky///contiki-ng-sky.a(process.o)
 .text.do_poll  0x0000000000004f8a       0x30 build/sky///contiki-ng-sky.a(process.o)
 .text.process_alloc_event
                0x0000000000004fba        0xe build/sky///contiki-ng-sky.a(process.o)
                0x0000000000004fba                process_alloc_event
 .text.process_init
                0x0000000000004fc8       0x18 build/sky///contiki-ng-sky.a(process.o)
                0x0000000000004fc8                process_init
 .text.process_run
                0x0000000000004fe0       0x92 build/sky///contiki-ng-sky.a(process.o)
                0x0000000000004fe0                process_run
 .text.process_nevents
                0x0000000000005072        0xe build/sky///contiki-ng-sky.a(process.o)
                0x0000000000005072                process_nevents
 .text.process_post
                0x0000000000005080       0x42 build/sky///contiki-ng-sky.a(process.o)
                0x0000000000005080                process_post
 .text.process_post_synch
                0x00000000000050c2       0x12 build/sky///contiki-ng-sky.a(process.o)
                0x00000000000050c2                process_post_synch
 .text.process_start
                0x00000000000050d4       0x32 build/sky///contiki-ng-sky.a(process.o)
                0x00000000000050d4                process_start
 .text.process_poll
                0x0000000000005106       0x18 build/sky///contiki-ng-sky.a(process.o)
                0x0000000000005106                process_poll
 .text.timer_set
                0x000000000000511e       0x1c build/sky///contiki-ng-sky.a(timer.o)
                0x000000000000511e                timer_set
 .text.timer_expired
                0x000000000000513a       0x2a build/sky///contiki-ng-sky.a(timer.o)
                0x000000000000513a                timer_expired
 .text.timer_reset
                0x0000000000005164       0x1c build/sky///contiki-ng-sky.a(timer.o)
                0x0000000000005164                timer_reset
 .text.list_init
                0x0000000000005180        0x6 build/sky///contiki-ng-sky.a(list.o)
                0x0000000000005180                list_init
 .text.list_head
                0x0000000000005186        0x4 build/sky///contiki-ng-sky.a(list.o)
                0x0000000000005186                list_head
 .text.list_tail
                0x000000000000518a       0x12 build/sky///contiki-ng-sky.a(list.o)
                0x000000000000518a                list_tail
 .text.list_remove
                0x000000000000519c       0x34 build/sky///contiki-ng-sky.a(list.o)
                0x000000000000519c                list_remove
 .text.list_push
                0x00000000000051d0       0x1a build/sky///contiki-ng-sky.a(list.o)
                0x00000000000051d0                list_push
 .text.list_add
                0x00000000000051ea       0x2a build/sky///contiki-ng-sky.a(list.o)
                0x00000000000051ea                list_add
 .text.list_length
                0x0000000000005214       0x10 build/sky///contiki-ng-sky.a(list.o)
                0x0000000000005214                list_length
 .text.list_item_next
                0x0000000000005224        0xc build/sky///contiki-ng-sky.a(list.o)
                0x0000000000005224                list_item_next
 .text.random_init
                0x0000000000005230        0x6 build/sky///contiki-ng-sky.a(random.o)
                0x0000000000005230                random_init
 .text.random_rand
                0x0000000000005236        0x6 build/sky///contiki-ng-sky.a(random.o)
                0x0000000000005236                random_rand
 .text.queuebuf_init
                0x000000000000523c       0x12 build/sky///contiki-ng-sky.a(queuebuf.o)
                0x000000000000523c                queuebuf_init
 .text.queuebuf_numfree
                0x000000000000524e        0xa build/sky///contiki-ng-sky.a(queuebuf.o)
                0x000000000000524e                queuebuf_numfree
 .text.queuebuf_new_from_packetbuf
                0x0000000000005258       0x52 build/sky///contiki-ng-sky.a(queuebuf.o)
                0x0000000000005258                queuebuf_new_from_packetbuf
 .text.queuebuf_update_attr_from_packetbuf
                0x00000000000052aa       0x12 build/sky///contiki-ng-sky.a(queuebuf.o)
                0x00000000000052aa                queuebuf_update_attr_from_packetbuf
 .text.queuebuf_free
                0x00000000000052bc       0x2a build/sky///contiki-ng-sky.a(queuebuf.o)
                0x00000000000052bc                queuebuf_free
 .text.queuebuf_to_packetbuf
                0x00000000000052e6       0x32 build/sky///contiki-ng-sky.a(queuebuf.o)
                0x00000000000052e6                queuebuf_to_packetbuf
 .text.packetbuf_hdrreduce
                0x0000000000005318       0x1a build/sky///contiki-ng-sky.a(packetbuf.o)
                0x0000000000005318                packetbuf_hdrreduce
 .text.packetbuf_set_datalen
                0x0000000000005332        0x6 build/sky///contiki-ng-sky.a(packetbuf.o)
                0x0000000000005332                packetbuf_set_datalen
 .text.packetbuf_hdrptr
                0x0000000000005338        0x6 build/sky///contiki-ng-sky.a(packetbuf.o)
                0x0000000000005338                packetbuf_hdrptr
 .text.packetbuf_datalen
                0x000000000000533e        0x6 build/sky///contiki-ng-sky.a(packetbuf.o)
                0x000000000000533e                packetbuf_datalen
 .text.packetbuf_hdrlen
                0x0000000000005344        0xa build/sky///contiki-ng-sky.a(packetbuf.o)
                0x0000000000005344                packetbuf_hdrlen
 .text.packetbuf_dataptr
                0x000000000000534e        0xc build/sky///contiki-ng-sky.a(packetbuf.o)
                0x000000000000534e                packetbuf_dataptr
 .text.packetbuf_copyto
                0x000000000000535a       0x46 build/sky///contiki-ng-sky.a(packetbuf.o)
                0x000000000000535a                packetbuf_copyto
 .text.packetbuf_totlen
                0x00000000000053a0        0xc build/sky///contiki-ng-sky.a(packetbuf.o)
                0x00000000000053a0                packetbuf_totlen
 .text.packetbuf_hdralloc
                0x00000000000053ac       0x3a build/sky///contiki-ng-sky.a(packetbuf.o)
                0x00000000000053ac                packetbuf_hdralloc
 .text.packetbuf_attr_clear
                0x00000000000053e6       0x28 build/sky///contiki-ng-sky.a(packetbuf.o)
                0x00000000000053e6                packetbuf_attr_clear
 .text.packetbuf_clear
                0x000000000000540e       0x12 build/sky///contiki-ng-sky.a(packetbuf.o)
                0x000000000000540e                packetbuf_clear
 .text.packetbuf_copyfrom
                0x0000000000005420       0x2e build/sky///contiki-ng-sky.a(packetbuf.o)
                0x0000000000005420                packetbuf_copyfrom
 .text.packetbuf_attr_copyto
                0x000000000000544e       0x22 build/sky///contiki-ng-sky.a(packetbuf.o)
                0x000000000000544e                packetbuf_attr_copyto
 .text.packetbuf_attr_copyfrom
                0x0000000000005470       0x24 build/sky///contiki-ng-sky.a(packetbuf.o)
                0x0000000000005470                packetbuf_attr_copyfrom
 .text.packetbuf_set_attr
                0x0000000000005494        0xc build/sky///contiki-ng-sky.a(packetbuf.o)
                0x0000000000005494                packetbuf_set_attr
 .text.packetbuf_attr
                0x00000000000054a0        0xa build/sky///contiki-ng-sky.a(packetbuf.o)
                0x00000000000054a0                packetbuf_attr
 .text.packetbuf_set_addr
                0x00000000000054aa       0x18 build/sky///contiki-ng-sky.a(packetbuf.o)
                0x00000000000054aa                packetbuf_set_addr
 .text.packetbuf_addr
                0x00000000000054c2       0x12 build/sky///contiki-ng-sky.a(packetbuf.o)
                0x00000000000054c2                packetbuf_addr
 .text.packetbuf_holds_broadcast
                0x00000000000054d4        0xe build/sky///contiki-ng-sky.a(packetbuf.o)
                0x00000000000054d4                packetbuf_holds_broadcast
 .text.netstack_process_ip_callback
                0x00000000000054e2       0x52 build/sky///contiki-ng-sky.a(netstack.o)
                0x00000000000054e2                netstack_process_ip_callback
 .text.netstack_init
                0x0000000000005534        0xe build/sky///contiki-ng-sky.a(netstack.o)
                0x0000000000005534                netstack_init
 .text.linkaddr_copy
                0x0000000000005542        0x8 build/sky///contiki-ng-sky.a(linkaddr.o)
                0x0000000000005542                linkaddr_copy
 .text.linkaddr_cmp
                0x000000000000554a       0x12 build/sky///contiki-ng-sky.a(linkaddr.o)
                0x000000000000554a                linkaddr_cmp
 .text.linkaddr_set_node_addr
                0x000000000000555c        0xc build/sky///contiki-ng-sky.a(linkaddr.o)
                0x000000000000555c                linkaddr_set_node_addr
 .text.on       0x0000000000005568        0x6 build/sky///contiki-ng-sky.a(csma.o)
 .text.off      0x000000000000556e        0x6 build/sky///contiki-ng-sky.a(csma.o)
 .text.max_payload
                0x0000000000005574       0x16 build/sky///contiki-ng-sky.a(csma.o)
 .text.send_packet
                0x000000000000558a        0x6 build/sky///contiki-ng-sky.a(csma.o)
 .text.init     0x0000000000005590        0xa build/sky///contiki-ng-sky.a(csma.o)
 .text.input_packet
                0x000000000000559a       0x54 build/sky///contiki-ng-sky.a(csma.o)
 .text.schedule_transmission
                0x00000000000055ee       0x72 build/sky///contiki-ng-sky.a(csma-output.o)
 .text.tx_done  0x0000000000005660       0x9a build/sky///contiki-ng-sky.a(csma-output.o)
 .text.transmit_from_queue
                0x00000000000056fa      0x1ae build/sky///contiki-ng-sky.a(csma-output.o)
 .text.csma_output_packet
                0x00000000000058a8      0x180 build/sky///contiki-ng-sky.a(csma-output.o)
                0x00000000000058a8                csma_output_packet
 .text.csma_output_init
                0x0000000000005a28       0x1a build/sky///contiki-ng-sky.a(csma-output.o)
                0x0000000000005a28                csma_output_init
 .text.uip_ds6_default_prefix
                0x0000000000005a42        0x6 build/sky///contiki-ng-sky.a(uip-ds6.o)
                0x0000000000005a42                uip_ds6_default_prefix
 .text.uip_ds6_list_loop
                0x0000000000005a48       0x92 build/sky///contiki-ng-sky.a(uip-ds6.o)
                0x0000000000005a48                uip_ds6_list_loop
 .text.uip_ds6_prefix_add
                0x0000000000005ada       0x80 build/sky///contiki-ng-sky.a(uip-ds6.o)
                0x0000000000005ada                uip_ds6_prefix_add
 .text.uip_ds6_is_addr_onlink
                0x0000000000005b5a       0x54 build/sky///contiki-ng-sky.a(uip-ds6.o)
                0x0000000000005b5a                uip_ds6_is_addr_onlink
 .text.uip_ds6_addr_lookup
                0x0000000000005bae       0x2a build/sky///contiki-ng-sky.a(uip-ds6.o)
                0x0000000000005bae                uip_ds6_addr_lookup
 .text.uip_ds6_get_link_local
                0x0000000000005bd8       0x3e build/sky///contiki-ng-sky.a(uip-ds6.o)
                0x0000000000005bd8                uip_ds6_get_link_local
 .text.uip_ds6_maddr_add
                0x0000000000005c16       0x4c build/sky///contiki-ng-sky.a(uip-ds6.o)
                0x0000000000005c16                uip_ds6_maddr_add
 .text.uip_ds6_addr_add
                0x0000000000005c62       0xc4 build/sky///contiki-ng-sky.a(uip-ds6.o)
                0x0000000000005c62                uip_ds6_addr_add
 .text.uip_ds6_maddr_lookup
                0x0000000000005d26       0x2a build/sky///contiki-ng-sky.a(uip-ds6.o)
                0x0000000000005d26                uip_ds6_maddr_lookup
 .text.uip_ds6_addr_rm
                0x0000000000005d50       0x54 build/sky///contiki-ng-sky.a(uip-ds6.o)
                0x0000000000005d50                uip_ds6_addr_rm
 .text.uip_ds6_periodic
                0x0000000000005da4       0x46 build/sky///contiki-ng-sky.a(uip-ds6.o)
                0x0000000000005da4                uip_ds6_periodic
 .text.uip_ds6_set_addr_iid
                0x0000000000005dea       0x14 build/sky///contiki-ng-sky.a(uip-ds6.o)
                0x0000000000005dea                uip_ds6_set_addr_iid
 .text.uip_ds6_set_lladdr_from_iid
                0x0000000000005dfe       0x14 build/sky///contiki-ng-sky.a(uip-ds6.o)
                0x0000000000005dfe                uip_ds6_set_lladdr_from_iid
 .text.get_match_length
                0x0000000000005e12       0x3e build/sky///contiki-ng-sky.a(uip-ds6.o)
                0x0000000000005e12                get_match_length
 .text.uip_ds6_select_src
                0x0000000000005e50       0xaa build/sky///contiki-ng-sky.a(uip-ds6.o)
                0x0000000000005e50                uip_ds6_select_src
 .text.uip_ds6_compute_reachable_time
                0x0000000000005efa       0x3e build/sky///contiki-ng-sky.a(uip-ds6.o)
                0x0000000000005efa                uip_ds6_compute_reachable_time
 .text.uip_ds6_init
                0x0000000000005f38      0x164 build/sky///contiki-ng-sky.a(uip-ds6.o)
                0x0000000000005f38                uip_ds6_init
 .text.uiplib_ipaddr_snprint
                0x000000000000609c      0x12a build/sky///contiki-ng-sky.a(uiplib.o)
                0x000000000000609c                uiplib_ipaddr_snprint
 .text.tcpip_output
                0x00000000000061c6       0x22 build/sky///contiki-ng-sky.a(tcpip.o)
                0x00000000000061c6                tcpip_output
 .text.tcpip_input
                0x00000000000061e8       0x1e build/sky///contiki-ng-sky.a(tcpip.o)
                0x00000000000061e8                tcpip_input
 .text.tcpip_ipv6_output
                0x0000000000006206      0x10a build/sky///contiki-ng-sky.a(tcpip.o)
                0x0000000000006206                tcpip_ipv6_output
 .text.packet_input.part.4
                0x0000000000006310       0x12 build/sky///contiki-ng-sky.a(tcpip.o)
 .text.process_thread_tcpip_process
                0x0000000000006322       0xc8 build/sky///contiki-ng-sky.a(tcpip.o)
 .text.tcpip_uipcall
                0x00000000000063ea       0x2a build/sky///contiki-ng-sky.a(tcpip.o)
                0x00000000000063ea                tcpip_uipcall
 .text.uip_ds6_route_init
                0x0000000000006414       0x12 build/sky///contiki-ng-sky.a(uip-ds6-route.o)
                0x0000000000006414                uip_ds6_route_init
 .text.uip_ds6_route_nexthop
                0x0000000000006426        0x4 build/sky///contiki-ng-sky.a(uip-ds6-route.o)
                0x0000000000006426                uip_ds6_route_nexthop
 .text.uip_ds6_route_lookup
                0x000000000000642a        0x4 build/sky///contiki-ng-sky.a(uip-ds6-route.o)
                0x000000000000642a                uip_ds6_route_lookup
 .text.uip_ds6_route_rm
                0x000000000000642e        0x2 build/sky///contiki-ng-sky.a(uip-ds6-route.o)
                0x000000000000642e                uip_ds6_route_rm
 .text.uip_ds6_defrt_rm
                0x0000000000006430       0x3c build/sky///contiki-ng-sky.a(uip-ds6-route.o)
                0x0000000000006430                uip_ds6_defrt_rm
 .text.uip_ds6_defrt_lookup
                0x000000000000646c       0x3e build/sky///contiki-ng-sky.a(uip-ds6-route.o)
                0x000000000000646c                uip_ds6_defrt_lookup
 .text.uip_ds6_defrt_add
                0x00000000000064aa       0x72 build/sky///contiki-ng-sky.a(uip-ds6-route.o)
                0x00000000000064aa                uip_ds6_defrt_add
 .text.uip_ds6_defrt_choose
                0x000000000000651c       0x3a build/sky///contiki-ng-sky.a(uip-ds6-route.o)
                0x000000000000651c                uip_ds6_defrt_choose
 .text.uip_ds6_defrt_periodic
                0x0000000000006556       0x38 build/sky///contiki-ng-sky.a(uip-ds6-route.o)
                0x0000000000006556                uip_ds6_defrt_periodic
 .text.uip_ds6_nbr_rm
                0x000000000000658e       0x1e build/sky///contiki-ng-sky.a(uip-ds6-nbr.o)
                0x000000000000658e                uip_ds6_nbr_rm
 .text.uip_ds6_neighbors_init
                0x00000000000065ac       0x12 build/sky///contiki-ng-sky.a(uip-ds6-nbr.o)
                0x00000000000065ac                uip_ds6_neighbors_init
 .text.uip_ds6_nbr_add
                0x00000000000065be       0x3e build/sky///contiki-ng-sky.a(uip-ds6-nbr.o)
                0x00000000000065be                uip_ds6_nbr_add
 .text.uip_ds6_nbr_get_ll
                0x00000000000065fc        0xc build/sky///contiki-ng-sky.a(uip-ds6-nbr.o)
                0x00000000000065fc                uip_ds6_nbr_get_ll
 .text.uip_ds6_nbr_head
                0x0000000000006608        0xa build/sky///contiki-ng-sky.a(uip-ds6-nbr.o)
                0x0000000000006608                uip_ds6_nbr_head
 .text.uip_ds6_nbr_next
                0x0000000000006612        0xc build/sky///contiki-ng-sky.a(uip-ds6-nbr.o)
                0x0000000000006612                uip_ds6_nbr_next
 .text.uip_ds6_nbr_lookup
                0x000000000000661e       0x38 build/sky///contiki-ng-sky.a(uip-ds6-nbr.o)
                0x000000000000661e                uip_ds6_nbr_lookup
 .text.uip_ds6_nbr_ll_lookup
                0x0000000000006656        0xc build/sky///contiki-ng-sky.a(uip-ds6-nbr.o)
                0x0000000000006656                uip_ds6_nbr_ll_lookup
 .text.uip_ds6_nbr_update_ll
                0x0000000000006662       0x76 build/sky///contiki-ng-sky.a(uip-ds6-nbr.o)
                0x0000000000006662                uip_ds6_nbr_update_ll
 .text.uip_ds6_nbr_ipaddr_from_lladdr
                0x00000000000066d8        0x6 build/sky///contiki-ng-sky.a(uip-ds6-nbr.o)
                0x00000000000066d8                uip_ds6_nbr_ipaddr_from_lladdr
 .text.uip_ds6_nbr_lladdr_from_ipaddr
                0x00000000000066de       0x12 build/sky///contiki-ng-sky.a(uip-ds6-nbr.o)
                0x00000000000066de                uip_ds6_nbr_lladdr_from_ipaddr
 .text.uip_ds6_link_callback
                0x00000000000066f0        0x2 build/sky///contiki-ng-sky.a(uip-ds6-nbr.o)
                0x00000000000066f0                uip_ds6_link_callback
 .text.chksum   0x00000000000066f2       0x32 build/sky///contiki-ng-sky.a(uip6.o)
 .text.upper_layer_chksum
                0x0000000000006724       0x5a build/sky///contiki-ng-sky.a(uip6.o)
 .text.ext_hdr_options_process
                0x000000000000677e       0xb4 build/sky///contiki-ng-sky.a(uip6.o)
 .text.unlikely.uip_update_ttl
                0x0000000000006832       0x24 build/sky///contiki-ng-sky.a(uip6.o)
 .text.uip_icmp6chksum
                0x0000000000006856        0xa build/sky///contiki-ng-sky.a(uip6.o)
                0x0000000000006856                uip_icmp6chksum
 .text.uip_udpchksum
                0x0000000000006860        0xa build/sky///contiki-ng-sky.a(uip6.o)
                0x0000000000006860                uip_udpchksum
 .text.uip_init
                0x000000000000686a       0x3c build/sky///contiki-ng-sky.a(uip6.o)
                0x000000000000686a                uip_init
 .text.uip_remove_ext_hdr
                0x00000000000068a6       0x56 build/sky///contiki-ng-sky.a(uip6.o)
                0x00000000000068a6                uip_remove_ext_hdr
 .text.uip_process
                0x00000000000068fc      0x4fa build/sky///contiki-ng-sky.a(uip6.o)
                0x00000000000068fc                uip_process
 .text.uip_htonl
                0x0000000000006df6       0x2e build/sky///contiki-ng-sky.a(uip6.o)
                0x0000000000006df6                uip_htonl
 .text.ns_input
                0x0000000000006e24      0x296 build/sky///contiki-ng-sky.a(uip-nd6.o)
 .text.uip_nd6_init
                0x00000000000070ba        0xa build/sky///contiki-ng-sky.a(uip-nd6.o)
                0x00000000000070ba                uip_nd6_init
 .text.clear_fragments
                0x00000000000070c4       0x42 build/sky///contiki-ng-sky.a(sicslowpan.o)
 .text.addr_context_lookup_by_number
                0x0000000000007106       0x1a build/sky///contiki-ng-sky.a(sicslowpan.o)
 .text.sicslowpan_init
                0x0000000000007120       0x18 build/sky///contiki-ng-sky.a(sicslowpan.o)
                0x0000000000007120                sicslowpan_init
 .text.set_packet_attrs
                0x0000000000007138       0x66 build/sky///contiki-ng-sky.a(sicslowpan.o)
 .text.compress_addr_64
                0x000000000000719e       0xae build/sky///contiki-ng-sky.a(sicslowpan.o)
 .text.addr_context_lookup_by_prefix
                0x000000000000724c       0x24 build/sky///contiki-ng-sky.a(sicslowpan.o)
 .text.send_packet
                0x0000000000007270       0x1a build/sky///contiki-ng-sky.a(sicslowpan.o)
 .text.packet_sent
                0x000000000000728a       0x56 build/sky///contiki-ng-sky.a(sicslowpan.o)
 .text.store_fragment
                0x00000000000072e0       0xc8 build/sky///contiki-ng-sky.a(sicslowpan.o)
 .text.add_fragment
                0x00000000000073a8      0x200 build/sky///contiki-ng-sky.a(sicslowpan.o)
 .text.uncompress_addr
                0x00000000000075a8       0xb4 build/sky///contiki-ng-sky.a(sicslowpan.o)
 .text.fragment_copy_payload_and_send
                0x000000000000765c       0x64 build/sky///contiki-ng-sky.a(sicslowpan.o)
 .text.output   0x00000000000076c0      0x7fa build/sky///contiki-ng-sky.a(sicslowpan.o)
 .text.input    0x0000000000007eba      0x892 build/sky///contiki-ng-sky.a(sicslowpan.o)
 .text.rpl_has_joined
                0x000000000000874c       0x16 build/sky///contiki-ng-sky.a(rpl.o)
                0x000000000000874c                rpl_has_joined
 .text.rpl_is_reachable
                0x0000000000008762       0x16 build/sky///contiki-ng-sky.a(rpl.o)
                0x0000000000008762                rpl_is_reachable
 .text.neighbor_state_changed
                0x0000000000008778        0x2 build/sky///contiki-ng-sky.a(rpl.o)
 .text.drop_route
                0x000000000000877a        0x2 build/sky///contiki-ng-sky.a(rpl.o)
 .text.get_sr_node_ipaddr
                0x000000000000877c       0x34 build/sky///contiki-ng-sky.a(rpl.o)
 .text.init     0x00000000000087b0       0x42 build/sky///contiki-ng-sky.a(rpl.o)
 .text.set_ip_from_prefix
                0x00000000000087f2       0x38 build/sky///contiki-ng-sky.a(rpl.o)
 .text.rpl_link_callback
                0x000000000000882a       0x1e build/sky///contiki-ng-sky.a(rpl.o)
                0x000000000000882a                rpl_link_callback
 .text.rpl_lollipop_greater_than
                0x0000000000008848       0x44 build/sky///contiki-ng-sky.a(rpl.o)
                0x0000000000008848                rpl_lollipop_greater_than
 .text.rpl_get_global_address
                0x000000000000888c       0xba build/sky///contiki-ng-sky.a(rpl.o)
                0x000000000000888c                rpl_get_global_address
 .text.rpl_reset_prefix
                0x0000000000008946       0x24 build/sky///contiki-ng-sky.a(rpl.o)
                0x0000000000008946                rpl_reset_prefix
 .text.rpl_set_prefix_from_addr
                0x000000000000896a       0x92 build/sky///contiki-ng-sky.a(rpl.o)
                0x000000000000896a                rpl_set_prefix_from_addr
 .text.rpl_get_leaf_only
                0x00000000000089fc        0x6 build/sky///contiki-ng-sky.a(rpl.o)
                0x00000000000089fc                rpl_get_leaf_only
 .text.rpl_dag_root_set_prefix
                0x0000000000008a02       0x62 build/sky///contiki-ng-sky.a(rpl-dag-root.o)
                0x0000000000008a02                rpl_dag_root_set_prefix
 .text.rpl_dag_root_start
                0x0000000000008a64       0x8c build/sky///contiki-ng-sky.a(rpl-dag-root.o)
                0x0000000000008a64                rpl_dag_root_start
 .text.rpl_dag_root_is_root
                0x0000000000008af0       0x18 build/sky///contiki-ng-sky.a(rpl-dag-root.o)
                0x0000000000008af0                rpl_dag_root_is_root
 .text.init_platform
                0x0000000000008b08        0xc build/sky///contiki-ng-sky.a(contiki-sky-pla)
                0x0000000000008b08                init_platform
 .text.crc8_add
                0x0000000000008b14       0x1c build/sky///contiki-ng-sky.a(sht11.o)
 .text.sstart   0x0000000000008b30       0x3e build/sky///contiki-ng-sky.a(sht11.o)
 .text.swrite   0x0000000000008b6e       0x52 build/sky///contiki-ng-sky.a(sht11.o)
 .text.sread    0x0000000000008bc0       0x4e build/sky///contiki-ng-sky.a(sht11.o)
 .text.sreset   0x0000000000008c0e       0x2a build/sky///contiki-ng-sky.a(sht11.o)
 .text.scmd.part.0
                0x0000000000008c38       0xb0 build/sky///contiki-ng-sky.a(sht11.o)
 .text.sht11_init
                0x0000000000008ce8       0x1a build/sky///contiki-ng-sky.a(sht11.o)
                0x0000000000008ce8                sht11_init
 .text.sht11_off
                0x0000000000008d02       0x14 build/sky///contiki-ng-sky.a(sht11.o)
                0x0000000000008d02                sht11_off
 .text.sht11_temp
                0x0000000000008d16        0xa build/sky///contiki-ng-sky.a(sht11.o)
                0x0000000000008d16                sht11_temp
 .text.sht11_humidity
                0x0000000000008d20        0xa build/sky///contiki-ng-sky.a(sht11.o)
                0x0000000000008d20                sht11_humidity
 .text.sht11_sreg
                0x0000000000008d2a       0x7a build/sky///contiki-ng-sky.a(sht11.o)
                0x0000000000008d2a                sht11_sreg
 .text.status   0x0000000000008da4       0x16 build/sky///contiki-ng-sky.a(button-sensor.o)
 .text.configure
                0x0000000000008dba       0x52 build/sky///contiki-ng-sky.a(button-sensor.o)
 .text.value    0x0000000000008e0c       0x22 build/sky///contiki-ng-sky.a(button-sensor.o)
 .text.irq_p2   0x0000000000008e2e       0x48 build/sky///contiki-ng-sky.a(button-sensor.o)
                0x0000000000008e2e                irq_p2
                0x0000000000008e2e                __isr_1
 .text.owreadb  0x0000000000008e76       0x52 build/sky///contiki-ng-sky.a(ds2411.o)
 .text.ds2411_init
                0x0000000000008ec8      0x122 build/sky///contiki-ng-sky.a(ds2411.o)
                0x0000000000008ec8                ds2411_init
 .text.xmem_init
                0x0000000000008fea       0x3e build/sky///contiki-ng-sky.a(xmem.o)
                0x0000000000008fea                xmem_init
 .text.process_thread_sensors_process
                0x0000000000009028       0xbe build/sky///contiki-ng-sky.a(sensors.o)
 .text.sensors_changed
                0x00000000000090e6       0x2a build/sky///contiki-ng-sky.a(sensors.o)
                0x00000000000090e6                sensors_changed
 .text.get_object
                0x0000000000009110        0x4 build/sky///contiki-ng-sky.a(cc2420.o)
 .text.set_object
                0x0000000000009114        0x4 build/sky///contiki-ng-sky.a(cc2420.o)
 .text.strobe   0x0000000000009118       0x20 build/sky///contiki-ng-sky.a(cc2420.o)
 .text.getreg   0x0000000000009138       0x54 build/sky///contiki-ng-sky.a(cc2420.o)
 .text.setreg   0x000000000000918c       0x52 build/sky///contiki-ng-sky.a(cc2420.o)
 .text.write_ram
                0x00000000000091de       0x80 build/sky///contiki-ng-sky.a(cc2420.o)
 .text.write_fifo_buf
                0x000000000000925e       0x40 build/sky///contiki-ng-sky.a(cc2420.o)
 .text.get_status
                0x000000000000929e       0x24 build/sky///contiki-ng-sky.a(cc2420.o)
 .text.on       0x00000000000092c2       0x1a build/sky///contiki-ng-sky.a(cc2420.o)
 .text.cc2420_receiving_packet
                0x00000000000092dc        0xe build/sky///contiki-ng-sky.a(cc2420.o)
 .text.pending_packet
                0x00000000000092ea        0x8 build/sky///contiki-ng-sky.a(cc2420.o)
 .text.wait_for_transmission
                0x00000000000092f2       0x22 build/sky///contiki-ng-sky.a(cc2420.o)
 .text.wait_for_status
                0x0000000000009314       0x2a build/sky///contiki-ng-sky.a(cc2420.o)
 .text.getrxdata
                0x000000000000933e       0x56 build/sky///contiki-ng-sky.a(cc2420.o)
 .text.flushrx  0x0000000000009394       0x1a build/sky///contiki-ng-sky.a(cc2420.o)
 .text.off      0x00000000000093ae       0x2c build/sky///contiki-ng-sky.a(cc2420.o)
 .text.RELEASE_LOCK
                0x00000000000093da       0x28 build/sky///contiki-ng-sky.a(cc2420.o)
 .text.set_key  0x0000000000009402       0x18 build/sky///contiki-ng-sky.a(cc2420.o)
 .text.set_frame_filtering
                0x000000000000941a       0x30 build/sky///contiki-ng-sky.a(cc2420.o)
 .text.set_auto_ack
                0x000000000000944a       0x30 build/sky///contiki-ng-sky.a(cc2420.o)
 .text.set_poll_mode
                0x000000000000947a       0x36 build/sky///contiki-ng-sky.a(cc2420.o)
 .text.cc2420_prepare
                0x00000000000094b0       0x3c build/sky///contiki-ng-sky.a(cc2420.o)
 .text.cc2420_on
                0x00000000000094ec       0x22 build/sky///contiki-ng-sky.a(cc2420.o)
                0x00000000000094ec                cc2420_on
 .text.cc2420_transmit
                0x000000000000950e       0x62 build/sky///contiki-ng-sky.a(cc2420.o)
 .text.cc2420_send
                0x0000000000009570       0x12 build/sky///contiki-ng-sky.a(cc2420.o)
 .text.cc2420_off
                0x0000000000009582       0x30 build/sky///contiki-ng-sky.a(cc2420.o)
                0x0000000000009582                cc2420_off
 .text.cc2420_cca
                0x00000000000095b2       0x5e build/sky///contiki-ng-sky.a(cc2420.o)
 .text.cc2420_read
                0x0000000000009610       0xc2 build/sky///contiki-ng-sky.a(cc2420.o)
 .text.process_thread_cc2420_process
                0x00000000000096d2       0x5e build/sky///contiki-ng-sky.a(cc2420.o)
 .text.encrypt  0x0000000000009730       0x8e build/sky///contiki-ng-sky.a(cc2420.o)
 .text.cc2420_set_channel
                0x00000000000097be       0x3c build/sky///contiki-ng-sky.a(cc2420.o)
                0x00000000000097be                cc2420_set_channel
 .text.cc2420_set_pan_addr
                0x00000000000097fa       0x4c build/sky///contiki-ng-sky.a(cc2420.o)
                0x00000000000097fa                cc2420_set_pan_addr
 .text.cc2420_interrupt
                0x0000000000009846       0x18 build/sky///contiki-ng-sky.a(cc2420.o)
                0x0000000000009846                cc2420_interrupt
 .text.cc2420_set_txpower
                0x000000000000985e       0x2e build/sky///contiki-ng-sky.a(cc2420.o)
                0x000000000000985e                cc2420_set_txpower
 .text.cc2420_get_txpower
                0x000000000000988c       0x1e build/sky///contiki-ng-sky.a(cc2420.o)
                0x000000000000988c                cc2420_get_txpower
 .text.cc2420_rssi
                0x00000000000098aa       0x4c build/sky///contiki-ng-sky.a(cc2420.o)
                0x00000000000098aa                cc2420_rssi
 .text.get_value
                0x00000000000098f6      0x11a build/sky///contiki-ng-sky.a(cc2420.o)
 .text.cc2420_set_cca_threshold
                0x0000000000009a10       0x16 build/sky///contiki-ng-sky.a(cc2420.o)
                0x0000000000009a10                cc2420_set_cca_threshold
 .text.set_value
                0x0000000000009a26      0x152 build/sky///contiki-ng-sky.a(cc2420.o)
 .text.cc2420_init
                0x0000000000009b78       0xf0 build/sky///contiki-ng-sky.a(cc2420.o)
                0x0000000000009b78                cc2420_init
 .text.cc2420_port1_interrupt
                0x0000000000009c68       0x20 build/sky///contiki-ng-sky.a(cc2420-arch.o)
                0x0000000000009c68                __isr_4
                0x0000000000009c68                cc2420_port1_interrupt
 .text.cc2420_arch_init
                0x0000000000009c88       0x1a build/sky///contiki-ng-sky.a(cc2420-arch.o)
                0x0000000000009c88                cc2420_arch_init
 .text.uart1_active
                0x0000000000009ca2       0x1a build/sky///contiki-ng-sky.a(uart1.o)
                0x0000000000009ca2                uart1_active
 .text.uart1_writeb
                0x0000000000009cbc       0x1a build/sky///contiki-ng-sky.a(uart1.o)
                0x0000000000009cbc                uart1_writeb
 .text.uart1_init
                0x0000000000009cd6       0xf6 build/sky///contiki-ng-sky.a(uart1.o)
                0x0000000000009cd6                uart1_init
 .text.stimer_set
                0x0000000000009dcc       0x1c build/sky///contiki-ng-sky.a(stimer.o)
                0x0000000000009dcc                stimer_set
 .text.stimer_expired
                0x0000000000009de8       0x30 build/sky///contiki-ng-sky.a(stimer.o)
                0x0000000000009de8                stimer_expired
 .text.memb_init
                0x0000000000009e18       0x36 build/sky///contiki-ng-sky.a(memb.o)
                0x0000000000009e18                memb_init
 .text.memb_alloc
                0x0000000000009e4e       0x3e build/sky///contiki-ng-sky.a(memb.o)
                0x0000000000009e4e                memb_alloc
 .text.memb_free
                0x0000000000009e8c       0x3a build/sky///contiki-ng-sky.a(memb.o)
                0x0000000000009e8c                memb_free
 .text.memb_inmemb
                0x0000000000009ec6       0x2e build/sky///contiki-ng-sky.a(memb.o)
                0x0000000000009ec6                memb_inmemb
 .text.memb_numfree
                0x0000000000009ef4       0x26 build/sky///contiki-ng-sky.a(memb.o)
                0x0000000000009ef4                memb_numfree
 .text.index_from_key
                0x0000000000009f1a       0x48 build/sky///contiki-ng-sky.a(nbr-table.o)
 .text.item_from_key
                0x0000000000009f62       0x34 build/sky///contiki-ng-sky.a(nbr-table.o)
 .text.nbr_set_bit
                0x0000000000009f96       0x8e build/sky///contiki-ng-sky.a(nbr-table.o)
 .text.index_from_lladdr
                0x000000000000a024       0x42 build/sky///contiki-ng-sky.a(nbr-table.o)
 .text.nbr_get_bit.constprop.0
                0x000000000000a066       0x62 build/sky///contiki-ng-sky.a(nbr-table.o)
 .text.nbr_table_is_registered
                0x000000000000a0c8       0x26 build/sky///contiki-ng-sky.a(nbr-table.o)
                0x000000000000a0c8                nbr_table_is_registered
 .text.nbr_table_register
                0x000000000000a0ee       0x42 build/sky///contiki-ng-sky.a(nbr-table.o)
                0x000000000000a0ee                nbr_table_register
 .text.nbr_table_next
                0x000000000000a130       0x90 build/sky///contiki-ng-sky.a(nbr-table.o)
                0x000000000000a130                nbr_table_next
 .text.nbr_table_head
                0x000000000000a1c0       0x36 build/sky///contiki-ng-sky.a(nbr-table.o)
                0x000000000000a1c0                nbr_table_head
 .text.nbr_table_add_lladdr
                0x000000000000a1f6      0x180 build/sky///contiki-ng-sky.a(nbr-table.o)
                0x000000000000a1f6                nbr_table_add_lladdr
 .text.nbr_table_get_from_lladdr
                0x000000000000a376       0x48 build/sky///contiki-ng-sky.a(nbr-table.o)
                0x000000000000a376                nbr_table_get_from_lladdr
 .text.nbr_table_remove
                0x000000000000a3be       0x32 build/sky///contiki-ng-sky.a(nbr-table.o)
                0x000000000000a3be                nbr_table_remove
 .text.nbr_table_lock
                0x000000000000a3f0       0x10 build/sky///contiki-ng-sky.a(nbr-table.o)
                0x000000000000a3f0                nbr_table_lock
 .text.nbr_table_unlock
                0x000000000000a400       0x10 build/sky///contiki-ng-sky.a(nbr-table.o)
                0x000000000000a400                nbr_table_unlock
 .text.nbr_table_get_lladdr
                0x000000000000a410       0x5a build/sky///contiki-ng-sky.a(nbr-table.o)
                0x000000000000a410                nbr_table_get_lladdr
 .text.periodic
                0x000000000000a46a       0x28 build/sky///contiki-ng-sky.a(link-stats.o)
 .text.link_stats_from_lladdr
                0x000000000000a492        0xc build/sky///contiki-ng-sky.a(link-stats.o)
                0x000000000000a492                link_stats_from_lladdr
 .text.link_stats_is_fresh
                0x000000000000a49e       0x2e build/sky///contiki-ng-sky.a(link-stats.o)
                0x000000000000a49e                link_stats_is_fresh
 .text.guess_etx_from_rssi
                0x000000000000a4cc       0x42 build/sky///contiki-ng-sky.a(link-stats.o)
                0x000000000000a4cc                guess_etx_from_rssi
 .text.link_stats_packet_sent
                0x000000000000a50e       0xde build/sky///contiki-ng-sky.a(link-stats.o)
                0x000000000000a50e                link_stats_packet_sent
 .text.link_stats_input_callback
                0x000000000000a5ec       0xb6 build/sky///contiki-ng-sky.a(link-stats.o)
                0x000000000000a5ec                link_stats_input_callback
 .text.link_stats_reset
                0x000000000000a6a2       0x2a build/sky///contiki-ng-sky.a(link-stats.o)
                0x000000000000a6a2                link_stats_reset
 .text.link_stats_init
                0x000000000000a6cc       0x22 build/sky///contiki-ng-sky.a(link-stats.o)
                0x000000000000a6cc                link_stats_init
 .text.mac_sequence_is_duplicate
                0x000000000000a6ee       0x78 build/sky///contiki-ng-sky.a(mac-sequence.o)
                0x000000000000a6ee                mac_sequence_is_duplicate
 .text.mac_sequence_register_seqno
                0x000000000000a766       0x98 build/sky///contiki-ng-sky.a(mac-sequence.o)
                0x000000000000a766                mac_sequence_register_seqno
 .text.mac_call_sent_callback
                0x000000000000a7fe       0x14 build/sky///contiki-ng-sky.a(mac.o)
                0x000000000000a7fe                mac_call_sent_callback
 .text.parse    0x000000000000a812       0xa0 build/sky///contiki-ng-sky.a(framer-802154.o)
 .text.framer_802154_setup_params
                0x000000000000a8b2       0xb8 build/sky///contiki-ng-sky.a(framer-802154.o)
                0x000000000000a8b2                framer_802154_setup_params
 .text.create_frame
                0x000000000000a96a       0xde build/sky///contiki-ng-sky.a(framer-802154.o)
 .text.create   0x000000000000aa48        0x8 build/sky///contiki-ng-sky.a(framer-802154.o)
 .text.hdr_length
                0x000000000000aa50        0x8 build/sky///contiki-ng-sky.a(framer-802154.o)
 .text.frame802154_get_pan_id
                0x000000000000aa58        0x6 build/sky///contiki-ng-sky.a(frame802154.o)
                0x000000000000aa58                frame802154_get_pan_id
 .text.frame802154_has_panid
                0x000000000000aa5e       0xdc build/sky///contiki-ng-sky.a(frame802154.o)
                0x000000000000aa5e                frame802154_has_panid
 .text.field_len
                0x000000000000ab3a       0xb2 build/sky///contiki-ng-sky.a(frame802154.o)
 .text.frame802154_is_broadcast_addr
                0x000000000000abec       0x24 build/sky///contiki-ng-sky.a(frame802154.o)
                0x000000000000abec                frame802154_is_broadcast_addr
 .text.frame802154_hdrlen
                0x000000000000ac10       0x32 build/sky///contiki-ng-sky.a(frame802154.o)
                0x000000000000ac10                frame802154_hdrlen
 .text.frame802154_create_fcf
                0x000000000000ac42       0x96 build/sky///contiki-ng-sky.a(frame802154.o)
                0x000000000000ac42                frame802154_create_fcf
 .text.frame802154_create
                0x000000000000acd8       0xe4 build/sky///contiki-ng-sky.a(frame802154.o)
                0x000000000000acd8                frame802154_create
 .text.frame802154_parse_fcf
                0x000000000000adbc       0xbe build/sky///contiki-ng-sky.a(frame802154.o)
                0x000000000000adbc                frame802154_parse_fcf
 .text.frame802154_parse
                0x000000000000ae7a      0x18c build/sky///contiki-ng-sky.a(frame802154.o)
                0x000000000000ae7a                frame802154_parse
 .text.csma_security_create_frame
                0x000000000000b006       0x10 build/sky///contiki-ng-sky.a(csma-security.o)
                0x000000000000b006                csma_security_create_frame
 .text.csma_security_parse_frame
                0x000000000000b016        0x6 build/sky///contiki-ng-sky.a(csma-security.o)
                0x000000000000b016                csma_security_parse_frame
 .text.uipbuf_add_ext_hdr
                0x000000000000b01c       0x1c build/sky///contiki-ng-sky.a(uipbuf.o)
                0x000000000000b01c                uipbuf_add_ext_hdr
 .text.uipbuf_set_len
                0x000000000000b038       0x12 build/sky///contiki-ng-sky.a(uipbuf.o)
                0x000000000000b038                uipbuf_set_len
 .text.uipbuf_set_len_field
                0x000000000000b04a        0xe build/sky///contiki-ng-sky.a(uipbuf.o)
                0x000000000000b04a                uipbuf_set_len_field
 .text.uipbuf_get_len_field
                0x000000000000b058        0xe build/sky///contiki-ng-sky.a(uipbuf.o)
                0x000000000000b058                uipbuf_get_len_field
 .text.uipbuf_get_next_header
                0x000000000000b066       0x62 build/sky///contiki-ng-sky.a(uipbuf.o)
                0x000000000000b066                uipbuf_get_next_header
 .text.uipbuf_get_last_header
                0x000000000000b0c8       0x7a build/sky///contiki-ng-sky.a(uipbuf.o)
                0x000000000000b0c8                uipbuf_get_last_header
 .text.uipbuf_search_header
                0x000000000000b142       0x88 build/sky///contiki-ng-sky.a(uipbuf.o)
                0x000000000000b142                uipbuf_search_header
 .text.uipbuf_get_attr
                0x000000000000b1ca       0x14 build/sky///contiki-ng-sky.a(uipbuf.o)
                0x000000000000b1ca                uipbuf_get_attr
 .text.uipbuf_clear_attr
                0x000000000000b1de       0x12 build/sky///contiki-ng-sky.a(uipbuf.o)
                0x000000000000b1de                uipbuf_clear_attr
 .text.uipbuf_clear
                0x000000000000b1f0       0x12 build/sky///contiki-ng-sky.a(uipbuf.o)
                0x000000000000b1f0                uipbuf_clear
 .text.uipbuf_init
                0x000000000000b202       0x1a build/sky///contiki-ng-sky.a(uipbuf.o)
                0x000000000000b202                uipbuf_init
 .text.echo_reply_input
                0x000000000000b21c       0x68 build/sky///contiki-ng-sky.a(uip-icmp6.o)
 .text.echo_request_input
                0x000000000000b284       0x86 build/sky///contiki-ng-sky.a(uip-icmp6.o)
 .text.uip_icmp6_input
                0x000000000000b30a       0x44 build/sky///contiki-ng-sky.a(uip-icmp6.o)
                0x000000000000b30a                uip_icmp6_input
 .text.uip_icmp6_register_input_handler
                0x000000000000b34e        0xc build/sky///contiki-ng-sky.a(uip-icmp6.o)
                0x000000000000b34e                uip_icmp6_register_input_handler
 .text.uip_icmp6_error_output
                0x000000000000b35a      0x13c build/sky///contiki-ng-sky.a(uip-icmp6.o)
                0x000000000000b35a                uip_icmp6_error_output
 .text.uip_icmp6_send
                0x000000000000b496       0x94 build/sky///contiki-ng-sky.a(uip-icmp6.o)
                0x000000000000b496                uip_icmp6_send
 .text.uip_icmp6_init
                0x000000000000b52a       0x12 build/sky///contiki-ng-sky.a(uip-icmp6.o)
                0x000000000000b52a                uip_icmp6_init
 .text.uip_sr_get_node
                0x000000000000b53c       0x54 build/sky///contiki-ng-sky.a(uip-sr.o)
                0x000000000000b53c                uip_sr_get_node
 .text.uip_sr_is_addr_reachable
                0x000000000000b590       0x4e build/sky///contiki-ng-sky.a(uip-sr.o)
                0x000000000000b590                uip_sr_is_addr_reachable
 .text.uip_sr_expire_parent
                0x000000000000b5de       0x56 build/sky///contiki-ng-sky.a(uip-sr.o)
                0x000000000000b5de                uip_sr_expire_parent
 .text.uip_sr_update_node
                0x000000000000b634       0xbc build/sky///contiki-ng-sky.a(uip-sr.o)
                0x000000000000b634                uip_sr_update_node
 .text.uip_sr_init
                0x000000000000b6f0       0x16 build/sky///contiki-ng-sky.a(uip-sr.o)
                0x000000000000b6f0                uip_sr_init
 .text.uip_sr_periodic
                0x000000000000b706       0x9a build/sky///contiki-ng-sky.a(uip-sr.o)
                0x000000000000b706                uip_sr_periodic
 .text.uip_sr_free_all
                0x000000000000b7a0       0x3c build/sky///contiki-ng-sky.a(uip-sr.o)
                0x000000000000b7a0                uip_sr_free_all
 .text.get32    0x000000000000b7dc       0x46 build/sky///contiki-ng-sky.a(rpl-icmp6.o)
 .text.set32    0x000000000000b822       0x2a build/sky///contiki-ng-sky.a(rpl-icmp6.o)
 .text.get16    0x000000000000b84c        0xe build/sky///contiki-ng-sky.a(rpl-icmp6.o)
 .text.set16    0x000000000000b85a       0x10 build/sky///contiki-ng-sky.a(rpl-icmp6.o)
 .text.dao_ack_input
                0x000000000000b86a       0x2a build/sky///contiki-ng-sky.a(rpl-icmp6.o)
 .text.dao_input
                0x000000000000b894      0x14e build/sky///contiki-ng-sky.a(rpl-icmp6.o)
 .text.dio_input
                0x000000000000b9e2      0x2a0 build/sky///contiki-ng-sky.a(rpl-icmp6.o)
 .text.dis_input
                0x000000000000bc82       0x1e build/sky///contiki-ng-sky.a(rpl-icmp6.o)
 .text.rpl_icmp6_update_nbr_table
                0x000000000000bca0       0x36 build/sky///contiki-ng-sky.a(rpl-icmp6.o)
                0x000000000000bca0                rpl_icmp6_update_nbr_table
 .text.rpl_icmp6_dis_output
                0x000000000000bcd6       0x34 build/sky///contiki-ng-sky.a(rpl-icmp6.o)
                0x000000000000bcd6                rpl_icmp6_dis_output
 .text.rpl_icmp6_dio_output
                0x000000000000bd0a      0x22e build/sky///contiki-ng-sky.a(rpl-icmp6.o)
                0x000000000000bd0a                rpl_icmp6_dio_output
 .text.rpl_icmp6_dao_output
                0x000000000000bf38       0xe4 build/sky///contiki-ng-sky.a(rpl-icmp6.o)
                0x000000000000bf38                rpl_icmp6_dao_output
 .text.rpl_icmp6_dao_ack_output
                0x000000000000c01c       0x44 build/sky///contiki-ng-sky.a(rpl-icmp6.o)
                0x000000000000c01c                rpl_icmp6_dao_ack_output
 .text.rpl_icmp6_init
                0x000000000000c060       0x22 build/sky///contiki-ng-sky.a(rpl-icmp6.o)
                0x000000000000c060                rpl_icmp6_init
 .text.acceptable_rank
                0x000000000000c082       0x3c build/sky///contiki-ng-sky.a(rpl-neighbor.o)
 .text.remove_neighbor
                0x000000000000c0be       0x24 build/sky///contiki-ng-sky.a(rpl-neighbor.o)
 .text.rpl_neighbor_get_from_lladdr
                0x000000000000c0e2        0xc build/sky///contiki-ng-sky.a(rpl-neighbor.o)
                0x000000000000c0e2                rpl_neighbor_get_from_lladdr
 .text.rpl_neighbor_rank_via_nbr
                0x000000000000c0ee       0x1c build/sky///contiki-ng-sky.a(rpl-neighbor.o)
                0x000000000000c0ee                rpl_neighbor_rank_via_nbr
 .text.rpl_neighbor_get_lladdr
                0x000000000000c10a        0xc build/sky///contiki-ng-sky.a(rpl-neighbor.o)
                0x000000000000c10a                rpl_neighbor_get_lladdr
 .text.rpl_neighbor_get_ipaddr
                0x000000000000c116        0xa build/sky///contiki-ng-sky.a(rpl-neighbor.o)
                0x000000000000c116                rpl_neighbor_get_ipaddr
 .text.rpl_neighbor_get_link_stats
                0x000000000000c120        0xa build/sky///contiki-ng-sky.a(rpl-neighbor.o)
                0x000000000000c120                rpl_neighbor_get_link_stats
 .text.rpl_neighbor_is_fresh
                0x000000000000c12a        0xa build/sky///contiki-ng-sky.a(rpl-neighbor.o)
                0x000000000000c12a                rpl_neighbor_is_fresh
 .text.best_parent
                0x000000000000c134       0x70 build/sky///contiki-ng-sky.a(rpl-neighbor.o)
 .text.rpl_neighbor_is_parent
                0x000000000000c1a4       0x18 build/sky///contiki-ng-sky.a(rpl-neighbor.o)
                0x000000000000c1a4                rpl_neighbor_is_parent
 .text.rpl_neighbor_set_preferred_parent
                0x000000000000c1bc       0x44 build/sky///contiki-ng-sky.a(rpl-neighbor.o)
                0x000000000000c1bc                rpl_neighbor_set_preferred_parent
 .text.rpl_neighbor_remove_all
                0x000000000000c200       0x2a build/sky///contiki-ng-sky.a(rpl-neighbor.o)
                0x000000000000c200                rpl_neighbor_remove_all
 .text.rpl_neighbor_get_from_ipaddr
                0x000000000000c22a       0x14 build/sky///contiki-ng-sky.a(rpl-neighbor.o)
                0x000000000000c22a                rpl_neighbor_get_from_ipaddr
 .text.rpl_neighbor_select_best
                0x000000000000c23e       0x52 build/sky///contiki-ng-sky.a(rpl-neighbor.o)
                0x000000000000c23e                rpl_neighbor_select_best
 .text.rpl_neighbor_init
                0x000000000000c290        0xe build/sky///contiki-ng-sky.a(rpl-neighbor.o)
                0x000000000000c290                rpl_neighbor_init
 .text.init_dag
                0x000000000000c29e       0x80 build/sky///contiki-ng-sky.a(rpl-dag.o)
 .text.init_dag_from_dio
                0x000000000000c31e       0x96 build/sky///contiki-ng-sky.a(rpl-dag.o)
 .text.rpl_dag_get_root_ipaddr
                0x000000000000c3b4       0x22 build/sky///contiki-ng-sky.a(rpl-dag.o)
                0x000000000000c3b4                rpl_dag_get_root_ipaddr
 .text.rpl_dag_leave
                0x000000000000c3d6       0x4c build/sky///contiki-ng-sky.a(rpl-dag.o)
                0x000000000000c3d6                rpl_dag_leave
 .text.rpl_dag_poison_and_leave
                0x000000000000c422        0xc build/sky///contiki-ng-sky.a(rpl-dag.o)
                0x000000000000c422                rpl_dag_poison_and_leave
 .text.rpl_dag_periodic
                0x000000000000c42e       0x6a build/sky///contiki-ng-sky.a(rpl-dag.o)
                0x000000000000c42e                rpl_dag_periodic
 .text.rpl_is_addr_in_our_dag
                0x000000000000c498       0x34 build/sky///contiki-ng-sky.a(rpl-dag.o)
                0x000000000000c498                rpl_is_addr_in_our_dag
 .text.rpl_local_repair
                0x000000000000c4cc       0x2a build/sky///contiki-ng-sky.a(rpl-dag.o)
                0x000000000000c4cc                rpl_local_repair
 .text.rpl_global_repair
                0x000000000000c4f6       0x2e build/sky///contiki-ng-sky.a(rpl-dag.o)
                0x000000000000c4f6                rpl_global_repair
 .text.rpl_dag_ready_to_advertise
                0x000000000000c524       0x26 build/sky///contiki-ng-sky.a(rpl-dag.o)
                0x000000000000c524                rpl_dag_ready_to_advertise
 .text.rpl_dag_update_state
                0x000000000000c54a      0x138 build/sky///contiki-ng-sky.a(rpl-dag.o)
                0x000000000000c54a                rpl_dag_update_state
 .text.rpl_process_dio
                0x000000000000c682      0x1c4 build/sky///contiki-ng-sky.a(rpl-dag.o)
                0x000000000000c682                rpl_process_dio
 .text.rpl_process_dis
                0x000000000000c846       0x2a build/sky///contiki-ng-sky.a(rpl-dag.o)
                0x000000000000c846                rpl_process_dis
 .text.rpl_process_dao
                0x000000000000c870       0x66 build/sky///contiki-ng-sky.a(rpl-dag.o)
                0x000000000000c870                rpl_process_dao
 .text.rpl_process_dao_ack
                0x000000000000c8d6       0x54 build/sky///contiki-ng-sky.a(rpl-dag.o)
                0x000000000000c8d6                rpl_process_dao_ack
 .text.rpl_process_hbh
                0x000000000000c92a       0x2e build/sky///contiki-ng-sky.a(rpl-dag.o)
                0x000000000000c92a                rpl_process_hbh
 .text.rpl_dag_init_root
                0x000000000000c958       0xbe build/sky///contiki-ng-sky.a(rpl-dag.o)
                0x000000000000c958                rpl_dag_init_root
 .text.rpl_dag_init
                0x000000000000ca16       0x10 build/sky///contiki-ng-sky.a(rpl-dag.o)
                0x000000000000ca16                rpl_dag_init
 .text.handle_state_update
                0x000000000000ca26        0x6 build/sky///contiki-ng-sky.a(rpl-timers.o)
 .text.handle_leaving_timer
                0x000000000000ca2c        0xc build/sky///contiki-ng-sky.a(rpl-timers.o)
 .text.schedule_dao_retransmission
                0x000000000000ca38       0x34 build/sky///contiki-ng-sky.a(rpl-timers.o)
 .text.new_dio_interval
                0x000000000000ca6c       0x8a build/sky///contiki-ng-sky.a(rpl-timers.o)
 .text.handle_unicast_dio_timer
                0x000000000000caf6       0x12 build/sky///contiki-ng-sky.a(rpl-timers.o)
 .text.send_new_dao
                0x000000000000cb08       0x28 build/sky///contiki-ng-sky.a(rpl-timers.o)
 .text.resend_dao
                0x000000000000cb30       0x24 build/sky///contiki-ng-sky.a(rpl-timers.o)
 .text.handle_dao_ack_timer
                0x000000000000cb54       0x12 build/sky///contiki-ng-sky.a(rpl-timers.o)
 .text.handle_dio_timer
                0x000000000000cb66       0x6e build/sky///contiki-ng-sky.a(rpl-timers.o)
 .text.rpl_timers_schedule_periodic_dis
                0x000000000000cbd4       0x40 build/sky///contiki-ng-sky.a(rpl-timers.o)
                0x000000000000cbd4                rpl_timers_schedule_periodic_dis
 .text.handle_periodic_timer
                0x000000000000cc14       0x3a build/sky///contiki-ng-sky.a(rpl-timers.o)
 .text.handle_dis_timer
                0x000000000000cc4e       0x26 build/sky///contiki-ng-sky.a(rpl-timers.o)
 .text.rpl_timers_dio_reset
                0x000000000000cc74       0x20 build/sky///contiki-ng-sky.a(rpl-timers.o)
                0x000000000000cc74                rpl_timers_dio_reset
 .text.rpl_timers_schedule_unicast_dio
                0x000000000000cc94       0x20 build/sky///contiki-ng-sky.a(rpl-timers.o)
                0x000000000000cc94                rpl_timers_schedule_unicast_dio
 .text.rpl_timers_schedule_dao
                0x000000000000ccb4       0x3a build/sky///contiki-ng-sky.a(rpl-timers.o)
                0x000000000000ccb4                rpl_timers_schedule_dao
 .text.rpl_timers_schedule_dao_ack
                0x000000000000ccee       0x34 build/sky///contiki-ng-sky.a(rpl-timers.o)
                0x000000000000ccee                rpl_timers_schedule_dao_ack
 .text.rpl_timers_notify_dao_ack
                0x000000000000cd22       0x74 build/sky///contiki-ng-sky.a(rpl-timers.o)
                0x000000000000cd22                rpl_timers_notify_dao_ack
 .text.get_probing_delay
                0x000000000000cd96       0x1c build/sky///contiki-ng-sky.a(rpl-timers.o)
                0x000000000000cd96                get_probing_delay
 .text.get_probing_target
                0x000000000000cdb2       0xec build/sky///contiki-ng-sky.a(rpl-timers.o)
                0x000000000000cdb2                get_probing_target
 .text.rpl_schedule_probing
                0x000000000000ce9e       0x20 build/sky///contiki-ng-sky.a(rpl-timers.o)
                0x000000000000ce9e                rpl_schedule_probing
 .text.handle_probing_timer
                0x000000000000cebe       0x2a build/sky///contiki-ng-sky.a(rpl-timers.o)
 .text.rpl_schedule_probing_now
                0x000000000000cee8       0x32 build/sky///contiki-ng-sky.a(rpl-timers.o)
                0x000000000000cee8                rpl_schedule_probing_now
 .text.rpl_timers_unschedule_leaving
                0x000000000000cf1a       0x1c build/sky///contiki-ng-sky.a(rpl-timers.o)
                0x000000000000cf1a                rpl_timers_unschedule_leaving
 .text.rpl_timers_schedule_leaving
                0x000000000000cf36       0x2a build/sky///contiki-ng-sky.a(rpl-timers.o)
                0x000000000000cf36                rpl_timers_schedule_leaving
 .text.rpl_timers_init
                0x000000000000cf60       0x1c build/sky///contiki-ng-sky.a(rpl-timers.o)
                0x000000000000cf60                rpl_timers_init
 .text.rpl_timers_stop_dag_timers
                0x000000000000cf7c       0x4c build/sky///contiki-ng-sky.a(rpl-timers.o)
                0x000000000000cf7c                rpl_timers_stop_dag_timers
 .text.rpl_timers_unschedule_state_update
                0x000000000000cfc8       0x10 build/sky///contiki-ng-sky.a(rpl-timers.o)
                0x000000000000cfc8                rpl_timers_unschedule_state_update
 .text.rpl_timers_schedule_state_update
                0x000000000000cfd8       0x1c build/sky///contiki-ng-sky.a(rpl-timers.o)
                0x000000000000cfd8                rpl_timers_schedule_state_update
 .text.update_hbh_header
                0x000000000000cff4       0x4e build/sky///contiki-ng-sky.a(rpl-ext-header.)
 .text.rpl_ext_header_srh_get_next_hop
                0x000000000000d042       0x86 build/sky///contiki-ng-sky.a(rpl-ext-header.)
                0x000000000000d042                rpl_ext_header_srh_get_next_hop
 .text.rpl_ext_header_srh_update
                0x000000000000d0c8      0x104 build/sky///contiki-ng-sky.a(rpl-ext-header.)
                0x000000000000d0c8                rpl_ext_header_srh_update
 .text.rpl_ext_header_hbh_update
                0x000000000000d1cc       0x98 build/sky///contiki-ng-sky.a(rpl-ext-header.)
                0x000000000000d1cc                rpl_ext_header_hbh_update
 .text.rpl_ext_header_remove
                0x000000000000d264      0x118 build/sky///contiki-ng-sky.a(rpl-ext-header.)
                0x000000000000d264                rpl_ext_header_remove
 .text.rpl_ext_header_update
                0x000000000000d37c      0x2ce build/sky///contiki-ng-sky.a(rpl-ext-header.)
                0x000000000000d37c                rpl_ext_header_update
 .text.update_state
                0x000000000000d64a       0x78 build/sky///contiki-ng-sky.a(rpl-nbr-policy.)
 .text.rpl_nbr_policy_find_removable
                0x000000000000d6c2       0x50 build/sky///contiki-ng-sky.a(rpl-nbr-policy.)
                0x000000000000d6c2                rpl_nbr_policy_find_removable
 .text.reset    0x000000000000d712        0x2 build/sky///contiki-ng-sky.a(rpl-mrhof.o)
 .text.update_metric_container
                0x000000000000d714        0x6 build/sky///contiki-ng-sky.a(rpl-mrhof.o)
 .text.nbr_link_metric
                0x000000000000d71a       0x12 build/sky///contiki-ng-sky.a(rpl-mrhof.o)
 .text.nbr_has_usable_link
                0x000000000000d72c       0x14 build/sky///contiki-ng-sky.a(rpl-mrhof.o)
 .text.nbr_path_cost
                0x000000000000d740       0x38 build/sky///contiki-ng-sky.a(rpl-mrhof.o)
 .text.within_hysteresis
                0x000000000000d778       0x5a build/sky///contiki-ng-sky.a(rpl-mrhof.o)
 .text.nbr_is_acceptable_parent
                0x000000000000d7d2       0x2c build/sky///contiki-ng-sky.a(rpl-mrhof.o)
 .text.rank_via_nbr
                0x000000000000d7fe       0x48 build/sky///contiki-ng-sky.a(rpl-mrhof.o)
 .text.best_parent
                0x000000000000d846       0x7e build/sky///contiki-ng-sky.a(rpl-mrhof.o)
 .text.spi_init
                0x000000000000d8c4       0x32 build/sky///contiki-ng-sky.a(spi-legacy.o)
                0x000000000000d8c4                spi_init
 .text.libgcc   0x000000000000d8f6       0x2c /usr/lib/gcc/msp430/4.6.3/mmpy-16/libgcc.a(_mulsi3.o)
                0x000000000000d8f6                __mulsi3
 .text.libgcc   0x000000000000d922       0x22 /usr/lib/gcc/msp430/4.6.3/mmpy-16/libgcc.a(_udivmod16.o)
                0x000000000000d922                __udivhi3
                0x000000000000d922                __ext_udivmod16
                0x000000000000d93c                __umodhi3
 .text.libgcc   0x000000000000d944       0x3a /usr/lib/gcc/msp430/4.6.3/mmpy-16/libgcc.a(_divmod16.o)
                0x000000000000d944                __ext_divmod16
                0x000000000000d944                __divhi3
                0x000000000000d976                __modhi3
 .text.libgcc   0x000000000000d97e       0x40 /usr/lib/gcc/msp430/4.6.3/mmpy-16/libgcc.a(_udivmod32.o)
                0x000000000000d97e                __udivsi3
                0x000000000000d97e                __ext_udivmod32
                0x000000000000d9b4                __umodsi3
 .text.libgcc   0x000000000000d9be       0x4c /usr/lib/gcc/msp430/4.6.3/mmpy-16/libgcc.a(_divmod32.o)
                0x000000000000d9be                __ext_divmod32
                0x000000000000d9be                __divsi3
                0x000000000000da00                __modsi3
 .text          0x000000000000da0a       0x42 /usr/lib/gcc/msp430/4.6.3/mmpy-16/libgcc.a(_fixunssfsi.o)
                0x000000000000da0a                __fixunssfsi
 .text          0x000000000000da4c      0x32e /usr/lib/gcc/msp430/4.6.3/mmpy-16/libgcc.a(_addsub_sf.o)
                0x000000000000dcde                __addsf3
                0x000000000000dd2a                __subsf3
 .text          0x000000000000dd7a      0x224 /usr/lib/gcc/msp430/4.6.3/mmpy-16/libgcc.a(_mul_sf.o)
                0x000000000000dd7a                __mulsf3
 .text          0x000000000000df9e       0x50 /usr/lib/gcc/msp430/4.6.3/mmpy-16/libgcc.a(_ge_sf.o)
                0x000000000000df9e                __gesf2
 .text          0x000000000000dfee       0xa6 /usr/lib/gcc/msp430/4.6.3/mmpy-16/libgcc.a(_si_to_sf.o)
                0x000000000000dfee                __floatsisf
 .text          0x000000000000e094       0x90 /usr/lib/gcc/msp430/4.6.3/mmpy-16/libgcc.a(_sf_to_si.o)
                0x000000000000e094                __fixsfsi
 .text          0x000000000000e124       0x72 /usr/lib/gcc/msp430/4.6.3/mmpy-16/libgcc.a(_clzsi2.o)
                0x000000000000e124                __clzsi2
 .text          0x000000000000e196      0x1de /usr/lib/gcc/msp430/4.6.3/mmpy-16/libgcc.a(_pack_sf.o)
                0x000000000000e196                __pack_f
 .text          0x000000000000e374      0x124 /usr/lib/gcc/msp430/4.6.3/mmpy-16/libgcc.a(_unpack_sf.o)
                0x000000000000e374                __unpack_f
 .text          0x000000000000e498       0xa4 /usr/lib/gcc/msp430/4.6.3/mmpy-16/libgcc.a(_fpcmp_parts_sf.o)
                0x000000000000e498                __fpcmp_parts_f
 .text          0x000000000000e53c       0x20 /usr/lib/gcc/msp430/4.6.3/../../../../msp430/lib/mmpy-16/libc.a(memcmp.o)
                0x000000000000e53c                memcmp
 .text          0x000000000000e55c       0xfa /usr/lib/gcc/msp430/4.6.3/../../../../msp430/lib/mmpy-16/libc.a(memcpy.o)
                0x000000000000e55c                memcpy
 .text          0x000000000000e656       0xfa /usr/lib/gcc/msp430/4.6.3/../../../../msp430/lib/mmpy-16/libc.a(memmove.o)
                0x000000000000e656                memmove
 .text          0x000000000000e750       0x6a /usr/lib/gcc/msp430/4.6.3/../../../../msp430/lib/mmpy-16/libc.a(memset.o)
                0x000000000000e750                memset
 .text          0x000000000000e7ba       0x1e /usr/lib/gcc/msp430/4.6.3/../../../../msp430/lib/mmpy-16/libc.a(printf.o)
                0x000000000000e7ba                printf
                0x000000000000e7ca                vprintf
 .text          0x000000000000e7d8       0xbc /usr/lib/gcc/msp430/4.6.3/../../../../msp430/lib/mmpy-16/libc.a(sprintf.o)
                0x000000000000e836                sprintf
                0x000000000000e852                snprintf
                0x000000000000e86c                vsprintf
                0x000000000000e882                vsnprintf
 .text          0x000000000000e894      0x836 /usr/lib/gcc/msp430/4.6.3/../../../../msp430/lib/mmpy-16/libc.a(vuprintf.o)
                0x000000000000ea2c                vuprintf
 .text          0x000000000000f0ca       0x2c /usr/lib/gcc/msp430/4.6.3/../../../../msp430/lib/mmpy-16/libc.a(puts.o)
                0x000000000000f0ca                puts
 .text          0x000000000000f0f6       0x54 /usr/lib/gcc/msp430/4.6.3/../../../../msp430/lib/mmpy-16/libc.a(rand.o)
                0x000000000000f0f6                rand_r
                0x000000000000f11a                rand
                0x000000000000f140                srand
 .text.libgcc   0x000000000000f14a       0xf0 /usr/lib/gcc/msp430/4.6.3/mmpy-16/libgcc.a(_udivmod64.o)
                0x000000000000f14a                __xabi_udivmod64
                0x000000000000f1a8                __udivdi3
                0x000000000000f1ce                __umoddi3
                0x000000000000f1fc                __udivmoddi4
 .text.crt0     0x000000000000f23a        0x2 /usr/lib/gcc/msp430/4.6.3/mmpy-16/libcrt0.a(_unexpected_.o)
                0x000000000000f23a                _unexpected_
                0x000000000000f23c                . = ALIGN (0x2)

.rodata         0x000000000000f23c      0x59a
                0x000000000000f23c                . = ALIGN (0x2)
 *(.rodata .rodata.* .gnu.linkonce.r.*)
 .rodata        0x000000000000f23c       0x62 sensing.o
                0x000000000000f28a                autostart_processes
 .rodata        0x000000000000f29e       0xee build/sky///obj/contiki-main.o
 .rodata        0x000000000000f38c        0xe build/sky///contiki-ng-sky.a(sht11-sensor.o)
                0x000000000000f392                sht11_sensor
 .rodata        0x000000000000f39a       0x31 build/sky///contiki-ng-sky.a(platform.o)
 .rodata        0x000000000000f3cb        0xc build/sky///contiki-ng-sky.a(etimer.o)
 *fill*         0x000000000000f3d7        0x1 00
 .rodata        0x000000000000f3d8       0xb2 build/sky///contiki-ng-sky.a(log.o)
 .rodata        0x000000000000f48a        0xf build/sky///contiki-ng-sky.a(ctimer.o)
 *fill*         0x000000000000f499        0x1 00
 .rodata        0x000000000000f49a        0x8 build/sky///contiki-ng-sky.a(linkaddr.o)
                0x000000000000f49a                linkaddr_null
 .rodata        0x000000000000f4a2       0x14 build/sky///contiki-ng-sky.a(csma.o)
                0x000000000000f4a8                csma_driver
 .rodata        0x000000000000f4b6       0x2d build/sky///contiki-ng-sky.a(uiplib.o)
 .rodata        0x000000000000f4e3        0xd build/sky///contiki-ng-sky.a(tcpip.o)
 .rodata        0x000000000000f4f0       0x26 build/sky///contiki-ng-sky.a(sicslowpan.o)
                0x000000000000f4fc                sicslowpan_driver
                0x000000000000f504                llprefix
                0x000000000000f506                unc_mxconf
                0x000000000000f50a                unc_ctxconf
                0x000000000000f50e                unc_llconf
 .rodata        0x000000000000f516       0x32 build/sky///contiki-ng-sky.a(rpl.o)
                0x000000000000f520                rpl_lite_driver
 .rodata        0x000000000000f548       0x10 build/sky///contiki-ng-sky.a(button-sensor.o)
                0x000000000000f550                button_sensor
 .rodata        0x000000000000f558        0x8 build/sky///contiki-ng-sky.a(sensors.o)
 .rodata        0x000000000000f560       0x72 build/sky///contiki-ng-sky.a(cc2420.o)
                0x000000000000f594                cc2420_aes_128_driver